Archive member included to satisfy reference by file (symbol)

C:/ST/STM32CubeIDE_2.1.1/STM32CubeIDE/plugins/com.st.stm32cube.ide.mcu.externaltools.gnu-tools-for-stm32.14.3.rel1.win32_1.0.100.202602081740/tools/bin/../lib/gcc/arm-none-eabi/14.3.1/../../../../arm-none-eabi/lib/thumb/v7e-m+fp/hard\libc_nano.a(libc_a-calloc.o)
                              ./hagl/src/hagl_char.o (calloc)
C:/ST/STM32CubeIDE_2.1.1/STM32CubeIDE/plugins/com.st.stm32cube.ide.mcu.externaltools.gnu-tools-for-stm32.14.3.rel1.win32_1.0.100.202602081740/tools/bin/../lib/gcc/arm-none-eabi/14.3.1/../../../../arm-none-eabi/lib/thumb/v7e-m+fp/hard\libc_nano.a(libc_a-callocr.o)
                              C:/ST/STM32CubeIDE_2.1.1/STM32CubeIDE/plugins/com.st.stm32cube.ide.mcu.externaltools.gnu-tools-for-stm32.14.3.rel1.win32_1.0.100.202602081740/tools/bin/../lib/gcc/arm-none-eabi/14.3.1/../../../../arm-none-eabi/lib/thumb/v7e-m+fp/hard\libc_nano.a(libc_a-calloc.o) (_calloc_r)
C:/ST/STM32CubeIDE_2.1.1/STM32CubeIDE/plugins/com.st.stm32cube.ide.mcu.externaltools.gnu-tools-for-stm32.14.3.rel1.win32_1.0.100.202602081740/tools/bin/../lib/gcc/arm-none-eabi/14.3.1/../../../../arm-none-eabi/lib/thumb/v7e-m+fp/hard\libc_nano.a(libc_a-exit.o)
                              C:/ST/STM32CubeIDE_2.1.1/STM32CubeIDE/plugins/com.st.stm32cube.ide.mcu.externaltools.gnu-tools-for-stm32.14.3.rel1.win32_1.0.100.202602081740/tools/bin/../lib/gcc/arm-none-eabi/14.3.1/../../../../arm-none-eabi/lib/thumb/v7e-m+fp/hard/crt0.o (exit)
C:/ST/STM32CubeIDE_2.1.1/STM32CubeIDE/plugins/com.st.stm32cube.ide.mcu.externaltools.gnu-tools-for-stm32.14.3.rel1.win32_1.0.100.202602081740/tools/bin/../lib/gcc/arm-none-eabi/14.3.1/../../../../arm-none-eabi/lib/thumb/v7e-m+fp/hard\libc_nano.a(libc_a-mallocr.o)
                              C:/ST/STM32CubeIDE_2.1.1/STM32CubeIDE/plugins/com.st.stm32cube.ide.mcu.externaltools.gnu-tools-for-stm32.14.3.rel1.win32_1.0.100.202602081740/tools/bin/../lib/gcc/arm-none-eabi/14.3.1/../../../../arm-none-eabi/lib/thumb/v7e-m+fp/hard\libc_nano.a(libc_a-callocr.o) (_malloc_r)
C:/ST/STM32CubeIDE_2.1.1/STM32CubeIDE/plugins/com.st.stm32cube.ide.mcu.externaltools.gnu-tools-for-stm32.14.3.rel1.win32_1.0.100.202602081740/tools/bin/../lib/gcc/arm-none-eabi/14.3.1/../../../../arm-none-eabi/lib/thumb/v7e-m+fp/hard\libc_nano.a(libc_a-mlock.o)
                              C:/ST/STM32CubeIDE_2.1.1/STM32CubeIDE/plugins/com.st.stm32cube.ide.mcu.externaltools.gnu-tools-for-stm32.14.3.rel1.win32_1.0.100.202602081740/tools/bin/../lib/gcc/arm-none-eabi/14.3.1/../../../../arm-none-eabi/lib/thumb/v7e-m+fp/hard\libc_nano.a(libc_a-mallocr.o) (__malloc_lock)
C:/ST/STM32CubeIDE_2.1.1/STM32CubeIDE/plugins/com.st.stm32cube.ide.mcu.externaltools.gnu-tools-for-stm32.14.3.rel1.win32_1.0.100.202602081740/tools/bin/../lib/gcc/arm-none-eabi/14.3.1/../../../../arm-none-eabi/lib/thumb/v7e-m+fp/hard\libc_nano.a(libc_a-fclose.o)
                              ./hagl/src/hagl_image.o (fclose)
C:/ST/STM32CubeIDE_2.1.1/STM32CubeIDE/plugins/com.st.stm32cube.ide.mcu.externaltools.gnu-tools-for-stm32.14.3.rel1.win32_1.0.100.202602081740/tools/bin/../lib/gcc/arm-none-eabi/14.3.1/../../../../arm-none-eabi/lib/thumb/v7e-m+fp/hard\libc_nano.a(libc_a-fflush.o)
                              C:/ST/STM32CubeIDE_2.1.1/STM32CubeIDE/plugins/com.st.stm32cube.ide.mcu.externaltools.gnu-tools-for-stm32.14.3.rel1.win32_1.0.100.202602081740/tools/bin/../lib/gcc/arm-none-eabi/14.3.1/../../../../arm-none-eabi/lib/thumb/v7e-m+fp/hard\libc_nano.a(libc_a-fclose.o) (__sflush_r)
C:/ST/STM32CubeIDE_2.1.1/STM32CubeIDE/plugins/com.st.stm32cube.ide.mcu.externaltools.gnu-tools-for-stm32.14.3.rel1.win32_1.0.100.202602081740/tools/bin/../lib/gcc/arm-none-eabi/14.3.1/../../../../arm-none-eabi/lib/thumb/v7e-m+fp/hard\libc_nano.a(libc_a-findfp.o)
                              C:/ST/STM32CubeIDE_2.1.1/STM32CubeIDE/plugins/com.st.stm32cube.ide.mcu.externaltools.gnu-tools-for-stm32.14.3.rel1.win32_1.0.100.202602081740/tools/bin/../lib/gcc/arm-none-eabi/14.3.1/../../../../arm-none-eabi/lib/thumb/v7e-m+fp/hard\libc_nano.a(libc_a-fflush.o) (__sglue)
C:/ST/STM32CubeIDE_2.1.1/STM32CubeIDE/plugins/com.st.stm32cube.ide.mcu.externaltools.gnu-tools-for-stm32.14.3.rel1.win32_1.0.100.202602081740/tools/bin/../lib/gcc/arm-none-eabi/14.3.1/../../../../arm-none-eabi/lib/thumb/v7e-m+fp/hard\libc_nano.a(libc_a-fopen.o)
                              ./hagl/src/hagl_image.o (fopen)
C:/ST/STM32CubeIDE_2.1.1/STM32CubeIDE/plugins/com.st.stm32cube.ide.mcu.externaltools.gnu-tools-for-stm32.14.3.rel1.win32_1.0.100.202602081740/tools/bin/../lib/gcc/arm-none-eabi/14.3.1/../../../../arm-none-eabi/lib/thumb/v7e-m+fp/hard\libc_nano.a(libc_a-fread.o)
                              ./hagl/src/hagl_image.o (fread)
[...]
Memory Configuration

Name             Origin             Length             Attributes
RAM              0x20000000         0x00018000         xrw
RAM2             0x10000000         0x00008000         xrw
FLASH            0x08000000         0x00100000         xr
*default*        0x00000000         0xffffffff

Linker script and memory map

LOAD C:/ST/STM32CubeIDE_2.1.1/STM32CubeIDE/plugins/com.st.stm32cube.ide.mcu.externaltools.gnu-tools-for-stm32.14.3.rel1.win32_1.0.100.202602081740/tools/bin/../lib/gcc/arm-none-eabi/14.3.1/thumb/v7e-m+fp/hard/crti.o
LOAD C:/ST/STM32CubeIDE_2.1.1/STM32CubeIDE/plugins/com.st.stm32cube.ide.mcu.externaltools.gnu-tools-for-stm32.14.3.rel1.win32_1.0.100.202602081740/tools/bin/../lib/gcc/arm-none-eabi/14.3.1/thumb/v7e-m+fp/hard/crtbegin.o
LOAD C:/ST/STM32CubeIDE_2.1.1/STM32CubeIDE/plugins/com.st.stm32cube.ide.mcu.externaltools.gnu-tools-for-stm32.14.3.rel1.win32_1.0.100.202602081740/tools/bin/../lib/gcc/arm-none-eabi/14.3.1/../../../../arm-none-eabi/lib/thumb/v7e-m+fp/hard/crt0.o
LOAD ./Core/Src/dma.o
LOAD ./Core/Src/gpio.o
LOAD ./Core/Src/hagl_hal.o
LOAD ./Core/Src/lcd.o
LOAD ./Core/Src/main.o
LOAD ./Core/Src/spi.o
LOAD ./Core/Src/stm32l4xx_hal_msp.o
LOAD ./Core/Src/stm32l4xx_it.o
LOAD ./Core/Src/syscalls.o
LOAD ./Core/Src/sysmem.o
LOAD ./Core/Src/system_stm32l4xx.o
LOAD ./Core/Startup/startup_stm32l476rgtx.o
LOAD ./Drivers/STM32L4xx_HAL_Driver/Src/stm32l4xx_hal.o
LOAD ./Drivers/STM32L4xx_HAL_Driver/Src/stm32l4xx_hal_cortex.o
LOAD ./Drivers/STM32L4xx_HAL_Driver/Src/stm32l4xx_hal_dma.o
LOAD ./Drivers/STM32L4xx_HAL_Driver/Src/stm32l4xx_hal_dma_ex.o
LOAD ./Drivers/STM32L4xx_HAL_Driver/Src/stm32l4xx_hal_exti.o
LOAD ./Drivers/STM32L4xx_HAL_Driver/Src/stm32l4xx_hal_flash.o
LOAD ./Drivers/STM32L4xx_HAL_Driver/Src/stm32l4xx_hal_flash_ex.o
LOAD ./Drivers/STM32L4xx_HAL_Driver/Src/stm32l4xx_hal_flash_ramfunc.o
LOAD ./Drivers/STM32L4xx_HAL_Driver/Src/stm32l4xx_hal_gpio.o
LOAD ./Drivers/STM32L4xx_HAL_Driver/Src/stm32l4xx_hal_i2c.o
LOAD ./Drivers/STM32L4xx_HAL_Driver/Src/stm32l4xx_hal_i2c_ex.o
LOAD ./Drivers/STM32L4xx_HAL_Driver/Src/stm32l4xx_hal_pwr.o
LOAD ./Drivers/STM32L4xx_HAL_Driver/Src/stm32l4xx_hal_pwr_ex.o
LOAD ./Drivers/STM32L4xx_HAL_Driver/Src/stm32l4xx_hal_rcc.o
LOAD ./Drivers/STM32L4xx_HAL_Driver/Src/stm32l4xx_hal_rcc_ex.o
LOAD ./Drivers/STM32L4xx_HAL_Driver/Src/stm32l4xx_hal_spi.o
LOAD ./Drivers/STM32L4xx_HAL_Driver/Src/stm32l4xx_hal_spi_ex.o
LOAD ./hagl/src/fontx.o
LOAD ./hagl/src/hagl.o
LOAD ./hagl/src/hagl_bitmap.o
LOAD ./hagl/src/hagl_blit.o
LOAD ./hagl/src/hagl_char.o
LOAD ./hagl/src/hagl_circle.o
LOAD ./hagl/src/hagl_clip.o
LOAD ./hagl/src/hagl_color.o
LOAD ./hagl/src/hagl_ellipse.o
LOAD ./hagl/src/hagl_hline.o
LOAD ./hagl/src/hagl_image.o
LOAD ./hagl/src/hagl_line.o
LOAD ./hagl/src/hagl_pixel.o
LOAD ./hagl/src/hagl_polygon.o
LOAD ./hagl/src/hagl_rectangle.o
LOAD ./hagl/src/hagl_triangle.o
LOAD ./hagl/src/hagl_vline.o
LOAD ./hagl/src/hsl.o
LOAD ./hagl/src/rgb565.o
LOAD ./hagl/src/rgb888.o
LOAD ./hagl/src/tjpgd.o
START GROUP
LOAD C:/ST/STM32CubeIDE_2.1.1/STM32CubeIDE/plugins/com.st.stm32cube.ide.mcu.externaltools.gnu-tools-for-stm32.14.3.rel1.win32_1.0.100.202602081740/tools/bin/../lib/gcc/arm-none-eabi/14.3.1/../../../../arm-none-eabi/lib/thumb/v7e-m+fp/hard\libc_nano.a
LOAD C:/ST/STM32CubeIDE_2.1.1/STM32CubeIDE/plugins/com.st.stm32cube.ide.mcu.externaltools.gnu-tools-for-stm32.14.3.rel1.win32_1.0.100.202602081740/tools/bin/../lib/gcc/arm-none-eabi/14.3.1/../../../../arm-none-eabi/lib/thumb/v7e-m+fp/hard\libm.a
END GROUP
START GROUP
LOAD C:/ST/STM32CubeIDE_2.1.1/STM32CubeIDE/plugins/com.st.stm32cube.ide.mcu.externaltools.gnu-tools-for-stm32.14.3.rel1.win32_1.0.100.202602081740/tools/bin/../lib/gcc/arm-none-eabi/14.3.1/thumb/v7e-m+fp/hard\libgcc.a
LOAD C:/ST/STM32CubeIDE_2.1.1/STM32CubeIDE/plugins/com.st.stm32cube.ide.mcu.externaltools.gnu-tools-for-stm32.14.3.rel1.win32_1.0.100.202602081740/tools/bin/../lib/gcc/arm-none-eabi/14.3.1/../../../../arm-none-eabi/lib/thumb/v7e-m+fp/hard\libc_nano.a
END GROUP
START GROUP
LOAD C:/ST/STM32CubeIDE_2.1.1/STM32CubeIDE/plugins/com.st.stm32cube.ide.mcu.externaltools.gnu-tools-for-stm32.14.3.rel1.win32_1.0.100.202602081740/tools/bin/../lib/gcc/arm-none-eabi/14.3.1/thumb/v7e-m+fp/hard\libgcc.a
LOAD C:/ST/STM32CubeIDE_2.1.1/STM32CubeIDE/plugins/com.st.stm32cube.ide.mcu.externaltools.gnu-tools-for-stm32.14.3.rel1.win32_1.0.100.202602081740/tools/bin/../lib/gcc/arm-none-eabi/14.3.1/../../../../arm-none-eabi/lib/thumb/v7e-m+fp/hard\libc_nano.a
LOAD C:/ST/STM32CubeIDE_2.1.1/STM32CubeIDE/plugins/com.st.stm32cube.ide.mcu.externaltools.gnu-tools-for-stm32.14.3.rel1.win32_1.0.100.202602081740/tools/bin/../lib/gcc/arm-none-eabi/14.3.1/../../../../arm-none-eabi/lib/thumb/v7e-m+fp/hard\libnosys.a
END GROUP
START GROUP
LOAD C:/ST/STM32CubeIDE_2.1.1/STM32CubeIDE/plugins/com.st.stm32cube.ide.mcu.externaltools.gnu-tools-for-stm32.14.3.rel1.win32_1.0.100.202602081740/tools/bin/../lib/gcc/arm-none-eabi/14.3.1/thumb/v7e-m+fp/hard\libgcc.a
LOAD C:/ST/STM32CubeIDE_2.1.1/STM32CubeIDE/plugins/com.st.stm32cube.ide.mcu.externaltools.gnu-tools-for-stm32.14.3.rel1.win32_1.0.100.202602081740/tools/bin/../lib/gcc/arm-none-eabi/14.3.1/../../../../arm-none-eabi/lib/thumb/v7e-m+fp/hard\libc_nano.a
LOAD C:/ST/STM32CubeIDE_2.1.1/STM32CubeIDE/plugins/com.st.stm32cube.ide.mcu.externaltools.gnu-tools-for-stm32.14.3.rel1.win32_1.0.100.202602081740/tools/bin/../lib/gcc/arm-none-eabi/14.3.1/../../../../arm-none-eabi/lib/thumb/v7e-m+fp/hard\libnosys.a
END GROUP
LOAD C:/ST/STM32CubeIDE_2.1.1/STM32CubeIDE/plugins/com.st.stm32cube.ide.mcu.externaltools.gnu-tools-for-stm32.14.3.rel1.win32_1.0.100.202602081740/tools/bin/../lib/gcc/arm-none-eabi/14.3.1/thumb/v7e-m+fp/hard/crtend.o
LOAD C:/ST/STM32CubeIDE_2.1.1/STM32CubeIDE/plugins/com.st.stm32cube.ide.mcu.externaltools.gnu-tools-for-stm32.14.3.rel1.win32_1.0.100.202602081740/tools/bin/../lib/gcc/arm-none-eabi/14.3.1/thumb/v7e-m+fp/hard/crtn.o
                0x20018000                        _estack = (ORIGIN (RAM) + LENGTH (RAM))
                0x00000200                        _Min_Heap_Size = 0x200
                0x00000400                        _Min_Stack_Size = 0x400

.isr_vector     0x08000000      0x188
                0x08000000                        . = ALIGN (0x4)
 *(.isr_vector)
 .isr_vector    0x08000000      0x188 ./Core/Startup/startup_stm32l476rgtx.o
                0x08000000                g_pfnVectors
                0x08000188                        . = ALIGN (0x4)

.text           0x08000188     0x4330
                0x08000188                        . = ALIGN (0x4)
 *(.text)
 .text          0x08000188       0x40 C:/ST/STM32CubeIDE_2.1.1/STM32CubeIDE/plugins/com.st.stm32cube.ide.mcu.externaltools.gnu-tools-for-stm32.14.3.rel1.win32_1.0.100.202602081740/tools/bin/../lib/gcc/arm-none-eabi/14.3.1/thumb/v7e-m+fp/hard/crtbegin.o
 *(.text*)
 .text.MX_GPIO_Init
                0x080001c8       0x8c ./Core/Src/gpio.o
                0x080001c8                MX_GPIO_Init
 .text.put_pixel
                0x08000254       0x54 ./Core/Src/hagl_hal.o
 .text.get_pixel
                0x080002a8       0x1e ./Core/Src/hagl_hal.o
 .text.color    0x080002c6       0x6e ./Core/Src/hagl_hal.o
 .text.flush    0x08000334       0x16 ./Core/Src/hagl_hal.o
 .text.close    0x0800034a       0x14 ./Core/Src/hagl_hal.o
 *fill*         0x0800035e        0x2 
 .text.hagl_hal_init
                0x08000360       0x64 ./Core/Src/hagl_hal.o
                0x08000360                hagl_hal_init
 .text.lcd_cmd  0x080003c4       0x4c ./Core/Src/lcd.o
 .text.lcd_data
                0x08000410       0x4c ./Core/Src/lcd.o
 .text.lcd_send
                0x0800045c       0x32 ./Core/Src/lcd.o
 *fill*         0x0800048e        0x2 
 .text.lcd_init
                0x08000490       0x70 ./Core/Src/lcd.o
                0x08000490                lcd_init
 .text.lcd_data16
                0x08000500       0x2a ./Core/Src/lcd.o
 .text.lcd_set_window
                0x0800052a       0x66 ./Core/Src/lcd.o
 .text.lcd_put_pixel
                0x08000590       0x38 ./Core/Src/lcd.o
                0x08000590                lcd_put_pixel
 .text.lcd_copy
                0x080005c8       0x4c ./Core/Src/lcd.o
                0x080005c8                lcd_copy
 .text.hagl_draw_rounded_rectangle
                0x08000614       0x46 ./Core/Src/main.o
 *fill*         0x0800065a        0x2 
 .text.main     0x0800065c       0xcc ./Core/Src/main.o
                0x0800065c                main
 .text.SystemClock_Config
                0x08000728       0x8c ./Core/Src/main.o
                0x08000728                SystemClock_Config
 .text.Error_Handler
                0x080007b4        0xc ./Core/Src/main.o
                0x080007b4                Error_Handler
 .text.MX_SPI2_Init
                0x080007c0       0x7c ./Core/Src/spi.o
                0x080007c0                MX_SPI2_Init
 .text.HAL_SPI_MspInit
                0x0800083c      0x120 ./Core/Src/spi.o
                0x0800083c                HAL_SPI_MspInit
 .text.HAL_MspInit
                0x0800095c       0x48 ./Core/Src/stm32l4xx_hal_msp.o
                0x0800095c                HAL_MspInit
 .text.NMI_Handler
                0x080009a4        0x8 ./Core/Src/stm32l4xx_it.o
                0x080009a4                NMI_Handler
 .text.HardFault_Handler
                0x080009ac        0x8 ./Core/Src/stm32l4xx_it.o
                0x080009ac                HardFault_Handler
 .text.MemManage_Handler
                0x080009b4        0x8 ./Core/Src/stm32l4xx_it.o
                0x080009b4                MemManage_Handler
 .text.BusFault_Handler
                0x080009bc        0x8 ./Core/Src/stm32l4xx_it.o
                0x080009bc                BusFault_Handler
 .text.UsageFault_Handler
                0x080009c4        0x8 ./Core/Src/stm32l4xx_it.o
                0x080009c4                UsageFault_Handler
 .text.SVC_Handler
                0x080009cc        0xe ./Core/Src/stm32l4xx_it.o
                0x080009cc                SVC_Handler
 .text.DebugMon_Handler
                0x080009da        0xe ./Core/Src/stm32l4xx_it.o
                0x080009da                DebugMon_Handler
 .text.PendSV_Handler
                0x080009e8        0xe ./Core/Src/stm32l4xx_it.o
                0x080009e8                PendSV_Handler
 .text.SysTick_Handler
                0x080009f6        0xc ./Core/Src/stm32l4xx_it.o
                0x080009f6                SysTick_Handler
 *fill*         0x08000a02        0x2 
 .text.DMA1_Channel5_IRQHandler
                0x08000a04       0x14 ./Core/Src/stm32l4xx_it.o
                0x08000a04                DMA1_Channel5_IRQHandler
 .text._sbrk    0x08000a18       0x6c ./Core/Src/sysmem.o
                0x08000a18                _sbrk
 .text.SystemInit
                0x08000a84       0x24 ./Core/Src/system_stm32l4xx.o
                0x08000a84                SystemInit
 .text.Reset_Handler
                0x08000aa8       0x50 ./Core/Startup/startup_stm32l476rgtx.o
                0x08000aa8                Reset_Handler
 .text.Default_Handler
                0x08000af8        0x2 ./Core/Startup/startup_stm32l476rgtx.o
                0x08000af8                RTC_Alarm_IRQHandler
                0x08000af8                EXTI2_IRQHandler
                0x08000af8                TIM8_TRG_COM_IRQHandler
                0x08000af8                TIM8_CC_IRQHandler
                0x08000af8                TIM1_CC_IRQHandler
                0x08000af8                TSC_IRQHandler
                0x08000af8                TAMP_STAMP_IRQHandler
                0x08000af8                EXTI3_IRQHandler
                0x08000af8                LPTIM2_IRQHandler
                0x08000af8                DFSDM1_FLT1_IRQHandler
                0x08000af8                I2C3_ER_IRQHandler
                0x08000af8                DFSDM1_FLT2_IRQHandler
                0x08000af8                EXTI0_IRQHandler
                0x08000af8                I2C2_EV_IRQHandler
                0x08000af8                CAN1_RX0_IRQHandler
                0x08000af8                FPU_IRQHandler
                0x08000af8                TIM1_UP_TIM16_IRQHandler
                0x08000af8                ADC1_2_IRQHandler
                0x08000af8                SPI1_IRQHandler
                0x08000af8                TIM6_DAC_IRQHandler
                0x08000af8                TIM8_UP_IRQHandler
                0x08000af8                DMA2_Channel2_IRQHandler
                0x08000af8                DMA1_Channel4_IRQHandler
                0x08000af8                SAI2_IRQHandler
                0x08000af8                DFSDM1_FLT3_IRQHandler
                0x08000af8                USART3_IRQHandler
                0x08000af8                DMA1_Channel7_IRQHandler
                0x08000af8                CAN1_RX1_IRQHandler
                0x08000af8                LCD_IRQHandler
                0x08000af8                UART5_IRQHandler
                0x08000af8                ADC3_IRQHandler
                0x08000af8                TIM4_IRQHandler
                0x08000af8                DMA2_Channel1_IRQHandler
                0x08000af8                QUADSPI_IRQHandler
                0x08000af8                I2C1_EV_IRQHandler
                0x08000af8                DMA1_Channel6_IRQHandler
                0x08000af8                UART4_IRQHandler
                0x08000af8                DMA2_Channel4_IRQHandler
                0x08000af8                TIM3_IRQHandler
                0x08000af8                RCC_IRQHandler
                0x08000af8                DMA1_Channel1_IRQHandler
                0x08000af8                Default_Handler
                0x08000af8                DMA2_Channel7_IRQHandler
                0x08000af8                EXTI15_10_IRQHandler
                0x08000af8                TIM7_IRQHandler
                0x08000af8                SDMMC1_IRQHandler
                0x08000af8                TIM5_IRQHandler
                0x08000af8                I2C3_EV_IRQHandler
                0x08000af8                EXTI9_5_IRQHandler
                0x08000af8                RTC_WKUP_IRQHandler
                0x08000af8                PVD_PVM_IRQHandler
                0x08000af8                SPI2_IRQHandler
                0x08000af8                CAN1_TX_IRQHandler
                0x08000af8                DMA2_Channel5_IRQHandler
                0x08000af8                EXTI4_IRQHandler
                0x08000af8                RNG_IRQHandler
                0x08000af8                TIM1_TRG_COM_TIM17_IRQHandler
                0x08000af8                DMA1_Channel3_IRQHandler
                0x08000af8                COMP_IRQHandler
                0x08000af8                WWDG_IRQHandler
                0x08000af8                LPUART1_IRQHandler
                0x08000af8                DMA2_Channel6_IRQHandler
                0x08000af8                TIM2_IRQHandler
                0x08000af8                EXTI1_IRQHandler
                0x08000af8                USART2_IRQHandler
                0x08000af8                DFSDM1_FLT0_IRQHandler
                0x08000af8                I2C2_ER_IRQHandler
                0x08000af8                DMA1_Channel2_IRQHandler
                0x08000af8                TIM8_BRK_IRQHandler
                0x08000af8                CAN1_SCE_IRQHandler
                0x08000af8                FLASH_IRQHandler
                0x08000af8                USART1_IRQHandler
                0x08000af8                OTG_FS_IRQHandler
                0x08000af8                SPI3_IRQHandler
                0x08000af8                I2C1_ER_IRQHandler
                0x08000af8                FMC_IRQHandler
                0x08000af8                SWPMI1_IRQHandler
                0x08000af8                LPTIM1_IRQHandler
                0x08000af8                SAI1_IRQHandler
                0x08000af8                DMA2_Channel3_IRQHandler
                0x08000af8                TIM1_BRK_TIM15_IRQHandler
 .text.HAL_Init
                0x08000afa       0x30 ./Drivers/STM32L4xx_HAL_Driver/Src/stm32l4xx_hal.o
                0x08000afa                HAL_Init
 *fill*         0x08000b2a        0x2 
 .text.HAL_InitTick
                0x08000b2c       0x78 ./Drivers/STM32L4xx_HAL_Driver/Src/stm32l4xx_hal.o
                0x08000b2c                HAL_InitTick
 .text.HAL_IncTick
                0x08000ba4       0x28 ./Drivers/STM32L4xx_HAL_Driver/Src/stm32l4xx_hal.o
                0x08000ba4                HAL_IncTick
 .text.HAL_GetTick
                0x08000bcc       0x18 ./Drivers/STM32L4xx_HAL_Driver/Src/stm32l4xx_hal.o
                0x08000bcc                HAL_GetTick
 .text.HAL_Delay
                0x08000be4       0x48 ./Drivers/STM32L4xx_HAL_Driver/Src/stm32l4xx_hal.o
                0x08000be4                HAL_Delay
 .text.__NVIC_SetPriorityGrouping
                0x08000c2c       0x48 ./Drivers/STM32L4xx_HAL_Driver/Src/stm32l4xx_hal_cortex.o
 .text.__NVIC_GetPriorityGrouping
                0x08000c74       0x1c ./Drivers/STM32L4xx_HAL_Driver/Src/stm32l4xx_hal_cortex.o
 .text.__NVIC_SetPriority
                0x08000c90       0x54 ./Drivers/STM32L4xx_HAL_Driver/Src/stm32l4xx_hal_cortex.o
 .text.NVIC_EncodePriority
                0x08000ce4       0x66 ./Drivers/STM32L4xx_HAL_Driver/Src/stm32l4xx_hal_cortex.o
 *fill*         0x08000d4a        0x2 
 .text.SysTick_Config
                0x08000d4c       0x44 ./Drivers/STM32L4xx_HAL_Driver/Src/stm32l4xx_hal_cortex.o
 .text.HAL_NVIC_SetPriorityGrouping
                0x08000d90       0x16 ./Drivers/STM32L4xx_HAL_Driver/Src/stm32l4xx_hal_cortex.o
                0x08000d90                HAL_NVIC_SetPriorityGrouping
 .text.HAL_NVIC_SetPriority
                0x08000da6       0x38 ./Drivers/STM32L4xx_HAL_Driver/Src/stm32l4xx_hal_cortex.o
                0x08000da6                HAL_NVIC_SetPriority
 .text.HAL_SYSTICK_Config
                0x08000dde       0x18 ./Drivers/STM32L4xx_HAL_Driver/Src/stm32l4xx_hal_cortex.o
                0x08000dde                HAL_SYSTICK_Config
 *fill*         0x08000df6        0x2 
 .text.HAL_DMA_Init
                0x08000df8      0x170 ./Drivers/STM32L4xx_HAL_Driver/Src/stm32l4xx_hal_dma.o
                0x08000df8                HAL_DMA_Init
 .text.HAL_DMA_Start_IT
                0x08000f68       0xc6 ./Drivers/STM32L4xx_HAL_Driver/Src/stm32l4xx_hal_dma.o
                0x08000f68                HAL_DMA_Start_IT
 *fill*         0x0800102e        0x2 
 .text.HAL_DMA_IRQHandler
                0x08001030      0x18c ./Drivers/STM32L4xx_HAL_Driver/Src/stm32l4xx_hal_dma.o
                0x08001030                HAL_DMA_IRQHandler
 .text.DMA_SetConfig
                0x080011bc       0x60 ./Drivers/STM32L4xx_HAL_Driver/Src/stm32l4xx_hal_dma.o
 .text.HAL_GPIO_Init
                0x0800121c      0x354 ./Drivers/STM32L4xx_HAL_Driver/Src/stm32l4xx_hal_gpio.o
                0x0800121c                HAL_GPIO_Init
 .text.HAL_GPIO_WritePin
                0x08001570       0x30 ./Drivers/STM32L4xx_HAL_Driver/Src/stm32l4xx_hal_gpio.o
                0x08001570                HAL_GPIO_WritePin
 .text.HAL_PWREx_GetVoltageRange
                0x080015a0       0x1c ./Drivers/STM32L4xx_HAL_Driver/Src/stm32l4xx_hal_pwr_ex.o
                0x080015a0                HAL_PWREx_GetVoltageRange
 .text.HAL_PWREx_ControlVoltageScaling
                0x080015bc       0xac ./Drivers/STM32L4xx_HAL_Driver/Src/stm32l4xx_hal_pwr_ex.o
                0x080015bc                HAL_PWREx_ControlVoltageScaling
 .text.HAL_RCC_OscConfig
                0x08001668      0x7b8 ./Drivers/STM32L4xx_HAL_Driver/Src/stm32l4xx_hal_rcc.o
                0x08001668                HAL_RCC_OscConfig
 .text.HAL_RCC_ClockConfig
                0x08001e20      0x200 ./Drivers/STM32L4xx_HAL_Driver/Src/stm32l4xx_hal_rcc.o
                0x08001e20                HAL_RCC_ClockConfig
 .text.HAL_RCC_GetSysClockFreq
                0x08002020      0x118 ./Drivers/STM32L4xx_HAL_Driver/Src/stm32l4xx_hal_rcc.o
                0x08002020                HAL_RCC_GetSysClockFreq
 .text.RCC_SetFlashLatencyFromMSIRange
                0x08002138       0xc0 ./Drivers/STM32L4xx_HAL_Driver/Src/stm32l4xx_hal_rcc.o
 .text.HAL_SPI_Init
                0x080021f8      0x146 ./Drivers/STM32L4xx_HAL_Driver/Src/stm32l4xx_hal_spi.o
                0x080021f8                HAL_SPI_Init
 .text.HAL_SPI_Transmit
                0x0800233e      0x2ec ./Drivers/STM32L4xx_HAL_Driver/Src/stm32l4xx_hal_spi.o
                0x0800233e                HAL_SPI_Transmit
 *fill*         0x0800262a        0x2 
 .text.HAL_SPI_Transmit_DMA
                0x0800262c      0x1dc ./Drivers/STM32L4xx_HAL_Driver/Src/stm32l4xx_hal_spi.o
                0x0800262c                HAL_SPI_Transmit_DMA
 .text.HAL_SPI_TxCpltCallback
                0x08002808       0x14 ./Drivers/STM32L4xx_HAL_Driver/Src/stm32l4xx_hal_spi.o
                0x08002808                HAL_SPI_TxCpltCallback
 .text.HAL_SPI_TxHalfCpltCallback
                0x0800281c       0x14 ./Drivers/STM32L4xx_HAL_Driver/Src/stm32l4xx_hal_spi.o
                0x0800281c                HAL_SPI_TxHalfCpltCallback
 .text.HAL_SPI_ErrorCallback
                0x08002830       0x14 ./Drivers/STM32L4xx_HAL_Driver/Src/stm32l4xx_hal_spi.o
                0x08002830                HAL_SPI_ErrorCallback
 .text.SPI_DMATransmitCplt
                0x08002844       0xa6 ./Drivers/STM32L4xx_HAL_Driver/Src/stm32l4xx_hal_spi.o
 .text.SPI_DMAHalfTransmitCplt
                0x080028ea       0x1c ./Drivers/STM32L4xx_HAL_Driver/Src/stm32l4xx_hal_spi.o
 .text.SPI_DMAError
                0x08002906       0x40 ./Drivers/STM32L4xx_HAL_Driver/Src/stm32l4xx_hal_spi.o
 *fill*         0x08002946        0x2 
 .text.SPI_WaitFlagStateUntilTimeout
                0x08002948      0x110 ./Drivers/STM32L4xx_HAL_Driver/Src/stm32l4xx_hal_spi.o
 .text.SPI_WaitFifoStateUntilTimeout
                0x08002a58      0x12c ./Drivers/STM32L4xx_HAL_Driver/Src/stm32l4xx_hal_spi.o
 .text.SPI_EndRxTxTransaction
                0x08002b84       0x8c ./Drivers/STM32L4xx_HAL_Driver/Src/stm32l4xx_hal_spi.o
 .text.fontx_meta
                0x08002c10       0x40 ./hagl/src/fontx.o
                0x08002c10                fontx_meta
 .text.fontx_glyph
                0x08002c50      0x124 ./hagl/src/fontx.o
                0x08002c50                fontx_glyph
 .text.hagl_init
                0x08002d74       0x48 ./hagl/src/hagl.o
                0x08002d74                hagl_init
 .text.hagl_flush
                0x08002dbc       0x26 ./hagl/src/hagl.o
                0x08002dbc                hagl_flush
 .text.put_pixel
                0x08002de2       0x5c ./hagl/src/hagl_bitmap.o
 .text.get_pixel
                0x08002e3e       0x4c ./hagl/src/hagl_bitmap.o
 .text.hline    0x08002e8a       0x76 ./hagl/src/hagl_bitmap.o
                0x08002e8a                hline
 .text.vline    0x08002f00       0x8c ./hagl/src/hagl_bitmap.o
                0x08002f00                vline
 .text.blit     0x08002f8c      0x1cc ./hagl/src/hagl_bitmap.o
 .text.scale_blit
                0x08003158      0x272 ./hagl/src/hagl_bitmap.o
 *fill*         0x080033ca        0x2 
 .text.hagl_bitmap_init
                0x080033cc       0xc8 ./hagl/src/hagl_bitmap.o
                0x080033cc                hagl_bitmap_init
 .text.hagl_blit_xy
                0x08003494      0x12a ./hagl/src/hagl_blit.o
                0x08003494                hagl_blit_xy
 .text.hagl_blit
                0x080035be       0x2a ./hagl/src/hagl_char.o
 .text.hagl_put_char
                0x080035e8      0x120 ./hagl/src/hagl_char.o
                0x080035e8                hagl_put_char
 .text.hagl_put_text
                0x08003708       0x9e ./hagl/src/hagl_char.o
                0x08003708                hagl_put_text
 .text.code     0x080037a6       0x74 ./hagl/src/hagl_clip.o
 .text.hagl_clip_line
                0x0800381a      0x236 ./hagl/src/hagl_clip.o
                0x0800381a                hagl_clip_line
 .text.hagl_set_clip
                0x08003a50       0x42 ./hagl/src/hagl_clip.o
                0x08003a50                hagl_set_clip
 .text.hagl_draw_hline_xyw
                0x08003a92       0xf8 ./hagl/src/hagl_hline.o
                0x08003a92                hagl_draw_hline_xyw
 .text.hagl_draw_line
                0x08003b8a      0x15a ./hagl/src/hagl_line.o
                0x08003b8a                hagl_draw_line
 .text.hagl_put_pixel
                0x08003ce4       0x6e ./hagl/src/hagl_pixel.o
                0x08003ce4                hagl_put_pixel
 .text.hagl_draw_hline
                0x08003d52       0x38 ./hagl/src/hagl_rectangle.o
 .text.hagl_draw_vline
                0x08003d8a       0x38 ./hagl/src/hagl_rectangle.o
 .text.hagl_draw_rounded_rectangle_xyxy
                0x08003dc2      0x344 ./hagl/src/hagl_rectangle.o
                0x08003dc2                hagl_draw_rounded_rectangle_xyxy
 .text.hagl_draw_vline_xyh
                0x08004106       0xfa ./hagl/src/hagl_vline.o
                0x08004106                hagl_draw_vline_xyh
 .text.rgb565   0x08004200       0x68 ./hagl/src/rgb565.o
                0x08004200                rgb565
 .text.calloc   0x08004268       0x10 C:/ST/STM32CubeIDE_2.1.1/STM32CubeIDE/plugins/com.st.stm32cube.ide.mcu.externaltools.gnu-tools-for-stm32.14.3.rel1.win32_1.0.100.202602081740/tools/bin/../lib/gcc/arm-none-eabi/14.3.1/../../../../arm-none-eabi/lib/thumb/v7e-m+fp/hard\libc_nano.a(libc_a-calloc.o)
                0x08004268                calloc
 .text._calloc_r
                0x08004278       0x28 C:/ST/STM32CubeIDE_2.1.1/STM32CubeIDE/plugins/com.st.stm32cube.ide.mcu.externaltools.gnu-tools-for-stm32.14.3.rel1.win32_1.0.100.202602081740/tools/bin/../lib/gcc/arm-none-eabi/14.3.1/../../../../arm-none-eabi/lib/thumb/v7e-m+fp/hard\libc_nano.a(libc_a-callocr.o)
                0x08004278                _calloc_r
 .text.sbrk_aligned
                0x080042a0       0x44 C:/ST/STM32CubeIDE_2.1.1/STM32CubeIDE/plugins/com.st.stm32cube.ide.mcu.externaltools.gnu-tools-for-stm32.14.3.rel1.win32_1.0.100.202602081740/tools/bin/../lib/gcc/arm-none-eabi/14.3.1/../../../../arm-none-eabi/lib/thumb/v7e-m+fp/hard\libc_nano.a(libc_a-mallocr.o)
 .text._malloc_r
                0x080042e4      0x100 C:/ST/STM32CubeIDE_2.1.1/STM32CubeIDE/plugins/com.st.stm32cube.ide.mcu.externaltools.gnu-tools-for-stm32.14.3.rel1.win32_1.0.100.202602081740/tools/bin/../lib/gcc/arm-none-eabi/14.3.1/../../../../arm-none-eabi/lib/thumb/v7e-m+fp/hard\libc_nano.a(libc_a-mallocr.o)
                0x080042e4                _malloc_r
 .text.__malloc_lock
                0x080043e4        0xc C:/ST/STM32CubeIDE_2.1.1/STM32CubeIDE/plugins/com.st.stm32cube.ide.mcu.externaltools.gnu-tools-for-stm32.14.3.rel1.win32_1.0.100.202602081740/tools/bin/../lib/gcc/arm-none-eabi/14.3.1/../../../../arm-none-eabi/lib/thumb/v7e-m+fp/hard\libc_nano.a(libc_a-mlock.o)
                0x080043e4                __malloc_lock
 .text.__malloc_unlock
                0x080043f0        0xc C:/ST/STM32CubeIDE_2.1.1/STM32CubeIDE/plugins/com.st.stm32cube.ide.mcu.externaltools.gnu-tools-for-stm32.14.3.rel1.win32_1.0.100.202602081740/tools/bin/../lib/gcc/arm-none-eabi/14.3.1/../../../../arm-none-eabi/lib/thumb/v7e-m+fp/hard\libc_nano.a(libc_a-mlock.o)
                0x080043f0                __malloc_unlock
 .text.memset   0x080043fc       0x10 C:/ST/STM32CubeIDE_2.1.1/STM32CubeIDE/plugins/com.st.stm32cube.ide.mcu.externaltools.gnu-tools-for-stm32.14.3.rel1.win32_1.0.100.202602081740/tools/bin/../lib/gcc/arm-none-eabi/14.3.1/../../../../arm-none-eabi/lib/thumb/v7e-m+fp/hard\libc_nano.a(libc_a-memset.o)
                0x080043fc                memset
 .text._sbrk_r  0x0800440c       0x20 C:/ST/STM32CubeIDE_2.1.1/STM32CubeIDE/plugins/com.st.stm32cube.ide.mcu.externaltools.gnu-tools-for-stm32.14.3.rel1.win32_1.0.100.202602081740/tools/bin/../lib/gcc/arm-none-eabi/14.3.1/../../../../arm-none-eabi/lib/thumb/v7e-m+fp/hard\libc_nano.a(libc_a-sbrkr.o)
                0x0800440c                _sbrk_r
 .text.__errno  0x0800442c        0xc C:/ST/STM32CubeIDE_2.1.1/STM32CubeIDE/plugins/com.st.stm32cube.ide.mcu.externaltools.gnu-tools-for-stm32.14.3.rel1.win32_1.0.100.202602081740/tools/bin/../lib/gcc/arm-none-eabi/14.3.1/../../../../arm-none-eabi/lib/thumb/v7e-m+fp/hard\libc_nano.a(libc_a-errno.o)
                0x0800442c                __errno
 .text.__libc_init_array
                0x08004438       0x48 C:/ST/STM32CubeIDE_2.1.1/STM32CubeIDE/plugins/com.st.stm32cube.ide.mcu.externaltools.gnu-tools-for-stm32.14.3.rel1.win32_1.0.100.202602081740/tools/bin/../lib/gcc/arm-none-eabi/14.3.1/../../../../arm-none-eabi/lib/thumb/v7e-m+fp/hard\libc_nano.a(libc_a-init.o)
                0x08004438                __libc_init_array
 .text.__retarget_lock_acquire_recursive
                0x08004480        0x2 C:/ST/STM32CubeIDE_2.1.1/STM32CubeIDE/plugins/com.st.stm32cube.ide.mcu.externaltools.gnu-tools-for-stm32.14.3.rel1.win32_1.0.100.202602081740/tools/bin/../lib/gcc/arm-none-eabi/14.3.1/../../../../arm-none-eabi/lib/thumb/v7e-m+fp/hard\libc_nano.a(libc_a-lock.o)
                0x08004480                __retarget_lock_acquire_recursive
 .text.__retarget_lock_release_recursive
                0x08004482        0x2 C:/ST/STM32CubeIDE_2.1.1/STM32CubeIDE/plugins/com.st.stm32cube.ide.mcu.externaltools.gnu-tools-for-stm32.14.3.rel1.win32_1.0.100.202602081740/tools/bin/../lib/gcc/arm-none-eabi/14.3.1/../../../../arm-none-eabi/lib/thumb/v7e-m+fp/hard\libc_nano.a(libc_a-lock.o)
                0x08004482                __retarget_lock_release_recursive
 .text.memcpy   0x08004484       0x1c C:/ST/STM32CubeIDE_2.1.1/STM32CubeIDE/plugins/com.st.stm32cube.ide.mcu.externaltools.gnu-tools-for-stm32.14.3.rel1.win32_1.0.100.202602081740/tools/bin/../lib/gcc/arm-none-eabi/14.3.1/../../../../arm-none-eabi/lib/thumb/v7e-m+fp/hard\libc_nano.a(libc_a-memcpy-stub.o)
                0x08004484                memcpy
 *(.glue_7)
 .glue_7        0x080044a0        0x0 linker stubs
 *(.glue_7t)
 .glue_7t       0x080044a0        0x0 linker stubs
 *(.eh_frame)
 .eh_frame      0x080044a0        0x0 C:/ST/STM32CubeIDE_2.1.1/STM32CubeIDE/plugins/com.st.stm32cube.ide.mcu.externaltools.gnu-tools-for-stm32.14.3.rel1.win32_1.0.100.202602081740/tools/bin/../lib/gcc/arm-none-eabi/14.3.1/thumb/v7e-m+fp/hard/crtbegin.o
 *(.init)
 .init          0x080044a0        0x4 C:/ST/STM32CubeIDE_2.1.1/STM32CubeIDE/plugins/com.st.stm32cube.ide.mcu.externaltools.gnu-tools-for-stm32.14.3.rel1.win32_1.0.100.202602081740/tools/bin/../lib/gcc/arm-none-eabi/14.3.1/thumb/v7e-m+fp/hard/crti.o
                0x080044a0                _init
 .init          0x080044a4        0x8 C:/ST/STM32CubeIDE_2.1.1/STM32CubeIDE/plugins/com.st.stm32cube.ide.mcu.externaltools.gnu-tools-for-stm32.14.3.rel1.win32_1.0.100.202602081740/tools/bin/../lib/gcc/arm-none-eabi/14.3.1/thumb/v7e-m+fp/hard/crtn.o
 *(.fini)
 .fini          0x080044ac        0x4 C:/ST/STM32CubeIDE_2.1.1/STM32CubeIDE/plugins/com.st.stm32cube.ide.mcu.externaltools.gnu-tools-for-stm32.14.3.rel1.win32_1.0.100.202602081740/tools/bin/../lib/gcc/arm-none-eabi/14.3.1/thumb/v7e-m+fp/hard/crti.o
                0x080044ac                _fini
 .fini          0x080044b0        0x8 C:/ST/STM32CubeIDE_2.1.1/STM32CubeIDE/plugins/com.st.stm32cube.ide.mcu.externaltools.gnu-tools-for-stm32.14.3.rel1.win32_1.0.100.202602081740/tools/bin/../lib/gcc/arm-none-eabi/14.3.1/thumb/v7e-m+fp/hard/crtn.o
                0x080044b8                        . = ALIGN (0x4)
                0x080044b8                        _etext = .

.vfp11_veneer   0x080044b8        0x0
 .vfp11_veneer  0x080044b8        0x0 linker stubs

.v4_bx          0x080044b8        0x0
 .v4_bx         0x080044b8        0x0 linker stubs

.iplt           0x080044b8        0x0
 .iplt          0x080044b8        0x0 C:/ST/STM32CubeIDE_2.1.1/STM32CubeIDE/plugins/com.st.stm32cube.ide.mcu.externaltools.gnu-tools-for-stm32.14.3.rel1.win32_1.0.100.202602081740/tools/bin/../lib/gcc/arm-none-eabi/14.3.1/thumb/v7e-m+fp/hard/crtbegin.o

.rodata         0x080044b8     0x30c4
                0x080044b8                        . = ALIGN (0x4)
 *(.rodata)
 .rodata        0x080044b8       0x34 ./Core/Src/main.o
 *(.rodata*)
 .rodata.init_table
                0x080044ec       0x98 ./Core/Src/lcd.o
 .rodata.font6x9
                0x08004584     0x2fb5 ./Core/Src/main.o
                0x08004584                font6x9
 *fill*         0x08007539        0x3 
 .rodata.AHBPrescTable
                0x0800753c       0x10 ./Core/Src/system_stm32l4xx.o
                0x0800753c                AHBPrescTable
 .rodata.MSIRangeTable
                0x0800754c       0x30 ./Core/Src/system_stm32l4xx.o
                0x0800754c                MSIRangeTable
                0x0800757c                        . = ALIGN (0x4)

.ARM.extab      0x0800757c        0x0
                0x0800757c                        . = ALIGN (0x4)
 *(.ARM.extab* .gnu.linkonce.armextab.*)
                0x0800757c                        . = ALIGN (0x4)

.ARM            0x0800757c        0x0
                0x0800757c                        . = ALIGN (0x4)
                0x0800757c                        __exidx_start = .
 *(.ARM.exidx*)
                0x0800757c                        __exidx_end = .
                0x0800757c                        . = ALIGN (0x4)

.preinit_array  0x0800757c        0x0
                0x0800757c                        . = ALIGN (0x4)
                0x0800757c                        PROVIDE (__preinit_array_start = .)
 *(.preinit_array*)
                0x0800757c                        PROVIDE (__preinit_array_end = .)
                0x0800757c                        . = ALIGN (0x4)

.init_array     0x0800757c        0x4
                0x0800757c                        . = ALIGN (0x4)
                0x0800757c                        PROVIDE (__init_array_start = .)
 *(SORT_BY_NAME(.init_array.*))
 *(.init_array*)
 .init_array    0x0800757c        0x4 C:/ST/STM32CubeIDE_2.1.1/STM32CubeIDE/plugins/com.st.stm32cube.ide.mcu.externaltools.gnu-tools-for-stm32.14.3.rel1.win32_1.0.100.202602081740/tools/bin/../lib/gcc/arm-none-eabi/14.3.1/thumb/v7e-m+fp/hard/crtbegin.o
                0x08007580                        PROVIDE (__init_array_end = .)
                0x08007580                        . = ALIGN (0x4)

.fini_array     0x08007580        0x4
                0x08007580                        . = ALIGN (0x4)
                [!provide]                        PROVIDE (__fini_array_start = .)
 *(SORT_BY_NAME(.fini_array.*))
 *(.fini_array*)
 .fini_array    0x08007580        0x4 C:/ST/STM32CubeIDE_2.1.1/STM32CubeIDE/plugins/com.st.stm32cube.ide.mcu.externaltools.gnu-tools-for-stm32.14.3.rel1.win32_1.0.100.202602081740/tools/bin/../lib/gcc/arm-none-eabi/14.3.1/thumb/v7e-m+fp/hard/crtbegin.o
                [!provide]                        PROVIDE (__fini_array_end = .)
                0x08007584                        . = ALIGN (0x4)
                0x08007584                        _sidata = LOADADDR (.data)

.rel.dyn        0x08007584        0x0
 .rel.iplt      0x08007584        0x0 C:/ST/STM32CubeIDE_2.1.1/STM32CubeIDE/plugins/com.st.stm32cube.ide.mcu.externaltools.gnu-tools-for-stm32.14.3.rel1.win32_1.0.100.202602081740/tools/bin/../lib/gcc/arm-none-eabi/14.3.1/thumb/v7e-m+fp/hard/crtbegin.o

.data           0x20000000       0x5c load address 0x08007584
                0x20000000                        . = ALIGN (0x4)
                0x20000000                        _sdata = .
 *(.data)
 *(.data*)
 .data.SystemCoreClock
                0x20000000        0x4 ./Core/Src/system_stm32l4xx.o
                0x20000000                SystemCoreClock
 .data.uwTickPrio
                0x20000004        0x4 ./Drivers/STM32L4xx_HAL_Driver/Src/stm32l4xx_hal.o
                0x20000004                uwTickPrio
 .data.uwTickFreq
                0x20000008        0x1 ./Drivers/STM32L4xx_HAL_Driver/Src/stm32l4xx_hal.o
                0x20000008                uwTickFreq
 *fill*         0x20000009        0x3 
 .data._impure_ptr
                0x2000000c        0x4 C:/ST/STM32CubeIDE_2.1.1/STM32CubeIDE/plugins/com.st.stm32cube.ide.mcu.externaltools.gnu-tools-for-stm32.14.3.rel1.win32_1.0.100.202602081740/tools/bin/../lib/gcc/arm-none-eabi/14.3.1/../../../../arm-none-eabi/lib/thumb/v7e-m+fp/hard\libc_nano.a(libc_a-impure.o)
                0x2000000c                _impure_ptr
 .data._impure_data
                0x20000010       0x4c C:/ST/STM32CubeIDE_2.1.1/STM32CubeIDE/plugins/com.st.stm32cube.ide.mcu.externaltools.gnu-tools-for-stm32.14.3.rel1.win32_1.0.100.202602081740/tools/bin/../lib/gcc/arm-none-eabi/14.3.1/../../../../arm-none-eabi/lib/thumb/v7e-m+fp/hard\libc_nano.a(libc_a-impure.o)
                0x20000010                _impure_data
 *(.RamFunc)
 *(.RamFunc*)
                0x2000005c                        . = ALIGN (0x4)
                0x2000005c                        _edata = .

.igot.plt       0x2000005c        0x0 load address 0x080075e0
 .igot.plt      0x2000005c        0x0 C:/ST/STM32CubeIDE_2.1.1/STM32CubeIDE/plugins/com.st.stm32cube.ide.mcu.externaltools.gnu-tools-for-stm32.14.3.rel1.win32_1.0.100.202602081740/tools/bin/../lib/gcc/arm-none-eabi/14.3.1/thumb/v7e-m+fp/hard/crtbegin.o
                0x2000005c                        . = ALIGN (0x4)

.bss            0x2000005c     0xa258 load address 0x080075e0
                0x2000005c                        _sbss = .
                0x2000005c                        __bss_start__ = _sbss
 *(.bss)
 .bss           0x2000005c       0x1c C:/ST/STM32CubeIDE_2.1.1/STM32CubeIDE/plugins/com.st.stm32cube.ide.mcu.externaltools.gnu-tools-for-stm32.14.3.rel1.win32_1.0.100.202602081740/tools/bin/../lib/gcc/arm-none-eabi/14.3.1/thumb/v7e-m+fp/hard/crtbegin.o
 *(.bss*)
 .bss.frame_buffer
                0x20000078     0xa000 ./Core/Src/lcd.o
 .bss.hspi2     0x2000a078       0x64 ./Core/Src/spi.o
                0x2000a078                hspi2
 .bss.hdma_spi2_tx
                0x2000a0dc       0x48 ./Core/Src/spi.o
                0x2000a0dc                hdma_spi2_tx
 .bss.__sbrk_heap_end
                0x2000a124        0x4 ./Core/Src/sysmem.o
 .bss.uwTick    0x2000a128        0x4 ./Drivers/STM32L4xx_HAL_Driver/Src/stm32l4xx_hal.o
                0x2000a128                uwTick
 .bss.backend.0
                0x2000a12c       0x3c ./hagl/src/hagl.o
 .bss.buffer.0  0x2000a168        0x4 ./hagl/src/hagl_char.o
 .bss.__malloc_sbrk_start
                0x2000a16c        0x4 C:/ST/STM32CubeIDE_2.1.1/STM32CubeIDE/plugins/com.st.stm32cube.ide.mcu.externaltools.gnu-tools-for-stm32.14.3.rel1.win32_1.0.100.202602081740/tools/bin/../lib/gcc/arm-none-eabi/14.3.1/../../../../arm-none-eabi/lib/thumb/v7e-m+fp/hard\libc_nano.a(libc_a-mallocr.o)
                0x2000a16c                __malloc_sbrk_start
 .bss.__malloc_free_list
                0x2000a170        0x4 C:/ST/STM32CubeIDE_2.1.1/STM32CubeIDE/plugins/com.st.stm32cube.ide.mcu.externaltools.gnu-tools-for-stm32.14.3.rel1.win32_1.0.100.202602081740/tools/bin/../lib/gcc/arm-none-eabi/14.3.1/../../../../arm-none-eabi/lib/thumb/v7e-m+fp/hard\libc_nano.a(libc_a-mallocr.o)
                0x2000a170                __malloc_free_list
 .bss.__sf      0x2000a174      0x138 C:/ST/STM32CubeIDE_2.1.1/STM32CubeIDE/plugins/com.st.stm32cube.ide.mcu.externaltools.gnu-tools-for-stm32.14.3.rel1.win32_1.0.100.202602081740/tools/bin/../lib/gcc/arm-none-eabi/14.3.1/../../../../arm-none-eabi/lib/thumb/v7e-m+fp/hard\libc_nano.a(libc_a-findfp.o)
                0x2000a174                __sf
 .bss.errno     0x2000a2ac        0x4 C:/ST/STM32CubeIDE_2.1.1/STM32CubeIDE/plugins/com.st.stm32cube.ide.mcu.externaltools.gnu-tools-for-stm32.14.3.rel1.win32_1.0.100.202602081740/tools/bin/../lib/gcc/arm-none-eabi/14.3.1/../../../../arm-none-eabi/lib/thumb/v7e-m+fp/hard\libc_nano.a(libc_a-reent.o)
                0x2000a2ac                errno
 .bss.__lock___malloc_recursive_mutex
                0x2000a2b0        0x1 C:/ST/STM32CubeIDE_2.1.1/STM32CubeIDE/plugins/com.st.stm32cube.ide.mcu.externaltools.gnu-tools-for-stm32.14.3.rel1.win32_1.0.100.202602081740/tools/bin/../lib/gcc/arm-none-eabi/14.3.1/../../../../arm-none-eabi/lib/thumb/v7e-m+fp/hard\libc_nano.a(libc_a-lock.o)
                0x2000a2b0                __lock___malloc_recursive_mutex
 *(COMMON)
                0x2000a2b4                        . = ALIGN (0x4)
 *fill*         0x2000a2b1        0x3 
                0x2000a2b4                        _ebss = .
                0x2000a2b4                        __bss_end__ = _ebss

._user_heap_stack
                0x2000a2b4      0x604 load address 0x080075e0
                0x2000a2b8                        . = ALIGN (0x8)
 *fill*         0x2000a2b4        0x4 
                [!provide]                        PROVIDE (end = .)
                0x2000a2b8                        PROVIDE (_end = .)
                0x2000a4b8                        . = (. + _Min_Heap_Size)
 *fill*         0x2000a2b8      0x200 
                0x2000a8b8                        . = (. + _Min_Stack_Size)
 *fill*         0x2000a4b8      0x400 
                0x2000a8b8                        . = ALIGN (0x8)

/DISCARD/
 libc.a(*)
 libm.a(*)
 libgcc.a(*)

.ARM.attributes
                0x00000000       0x30
 *(.ARM.attributes)
 .ARM.attributes
                0x00000000       0x22 C:/ST/STM32CubeIDE_2.1.1/STM32CubeIDE/plugins/com.st.stm32cube.ide.mcu.externaltools.gnu-tools-for-stm32.14.3.rel1.win32_1.0.100.202602081740/tools/bin/../lib/gcc/arm-none-eabi/14.3.1/thumb/v7e-m+fp/hard/crti.o
 .ARM.attributes
                0x00000022       0x34 C:/ST/STM32CubeIDE_2.1.1/STM32CubeIDE/plugins/com.st.stm32cube.ide.mcu.externaltools.gnu-tools-for-stm32.14.3.rel1.win32_1.0.100.202602081740/tools/bin/../lib/gcc/arm-none-eabi/14.3.1/thumb/v7e-m+fp/hard/crtbegin.o
 .ARM.attributes
                0x00000056       0x34 ./Core/Src/gpio.o
 .ARM.attributes
                0x0000008a       0x34 ./Core/Src/hagl_hal.o
 .ARM.attributes
                0x000000be       0x34 ./Core/Src/lcd.o
 .ARM.attributes
                0x000000f2       0x34 ./Core/Src/main.o
 .ARM.attributes
                0x00000126       0x34 ./Core/Src/spi.o
 .ARM.attributes
                0x0000015a       0x34 ./Core/Src/stm32l4xx_hal_msp.o
 .ARM.attributes
                0x0000018e       0x34 ./Core/Src/stm32l4xx_it.o
 .ARM.attributes
                0x000001c2       0x34 ./Core/Src/sysmem.o
 .ARM.attributes
                0x000001f6       0x34 ./Core/Src/system_stm32l4xx.o
 .ARM.attributes
                0x0000022a       0x21 ./Core/Startup/startup_stm32l476rgtx.o
 .ARM.attributes
                0x0000024b       0x34 ./Drivers/STM32L4xx_HAL_Driver/Src/stm32l4xx_hal.o
 .ARM.attributes
                0x0000027f       0x34 ./Drivers/STM32L4xx_HAL_Driver/Src/stm32l4xx_hal_cortex.o
 .ARM.attributes
                0x000002b3       0x34 ./Drivers/STM32L4xx_HAL_Driver/Src/stm32l4xx_hal_dma.o
 .ARM.attributes
                0x000002e7       0x34 ./Drivers/STM32L4xx_HAL_Driver/Src/stm32l4xx_hal_gpio.o
 .ARM.attributes
                0x0000031b       0x34 ./Drivers/STM32L4xx_HAL_Driver/Src/stm32l4xx_hal_pwr_ex.o
 .ARM.attributes
                0x0000034f       0x34 ./Drivers/STM32L4xx_HAL_Driver/Src/stm32l4xx_hal_rcc.o
 .ARM.attributes
                0x00000383       0x34 ./Drivers/STM32L4xx_HAL_Driver/Src/stm32l4xx_hal_spi.o
 .ARM.attributes
                0x000003b7       0x34 ./hagl/src/fontx.o
 .ARM.attributes
                0x000003eb       0x34 ./hagl/src/hagl.o
 .ARM.attributes
                0x0000041f       0x34 ./hagl/src/hagl_bitmap.o
 .ARM.attributes
                0x00000453       0x34 ./hagl/src/hagl_blit.o
 .ARM.attributes
                0x00000487       0x34 ./hagl/src/hagl_char.o
 .ARM.attributes
                0x000004bb       0x34 ./hagl/src/hagl_clip.o
 .ARM.attributes
                0x000004ef       0x34 ./hagl/src/hagl_hline.o
 .ARM.attributes
                0x00000523       0x34 ./hagl/src/hagl_line.o
 .ARM.attributes
                0x00000557       0x34 ./hagl/src/hagl_pixel.o
 .ARM.attributes
                0x0000058b       0x34 ./hagl/src/hagl_rectangle.o
 .ARM.attributes
                0x000005bf       0x34 ./hagl/src/hagl_vline.o
 .ARM.attributes
                0x000005f3       0x34 ./hagl/src/rgb565.o
 .ARM.attributes
                0x00000627       0x34 C:/ST/STM32CubeIDE_2.1.1/STM32CubeIDE/plugins/com.st.stm32cube.ide.mcu.externaltools.gnu-tools-for-stm32.14.3.rel1.win32_1.0.100.202602081740/tools/bin/../lib/gcc/arm-none-eabi/14.3.1/../../../../arm-none-eabi/lib/thumb/v7e-m+fp/hard\libc_nano.a(libc_a-calloc.o)
 .ARM.attributes
                0x0000065b       0x34 C:/ST/STM32CubeIDE_2.1.1/STM32CubeIDE/plugins/com.st.stm32cube.ide.mcu.externaltools.gnu-tools-for-stm32.14.3.rel1.win32_1.0.100.202602081740/tools/bin/../lib/gcc/arm-none-eabi/14.3.1/../../../../arm-none-eabi/lib/thumb/v7e-m+fp/hard\libc_nano.a(libc_a-callocr.o)
 .ARM.attributes
                0x0000068f       0x34 C:/ST/STM32CubeIDE_2.1.1/STM32CubeIDE/plugins/com.st.stm32cube.ide.mcu.externaltools.gnu-tools-for-stm32.14.3.rel1.win32_1.0.100.202602081740/tools/bin/../lib/gcc/arm-none-eabi/14.3.1/../../../../arm-none-eabi/lib/thumb/v7e-m+fp/hard\libc_nano.a(libc_a-mallocr.o)
 .ARM.attributes
                0x000006c3       0x34 C:/ST/STM32CubeIDE_2.1.1/STM32CubeIDE/plugins/com.st.stm32cube.ide.mcu.externaltools.gnu-tools-for-stm32.14.3.rel1.win32_1.0.100.202602081740/tools/bin/../lib/gcc/arm-none-eabi/14.3.1/../../../../arm-none-eabi/lib/thumb/v7e-m+fp/hard\libc_nano.a(libc_a-mlock.o)
 .ARM.attributes
                0x000006f7       0x34 C:/ST/STM32CubeIDE_2.1.1/STM32CubeIDE/plugins/com.st.stm32cube.ide.mcu.externaltools.gnu-tools-for-stm32.14.3.rel1.win32_1.0.100.202602081740/tools/bin/../lib/gcc/arm-none-eabi/14.3.1/../../../../arm-none-eabi/lib/thumb/v7e-m+fp/hard\libc_nano.a(libc_a-findfp.o)
 .ARM.attributes
                0x0000072b       0x34 C:/ST/STM32CubeIDE_2.1.1/STM32CubeIDE/plugins/com.st.stm32cube.ide.mcu.externaltools.gnu-tools-for-stm32.14.3.rel1.win32_1.0.100.202602081740/tools/bin/../lib/gcc/arm-none-eabi/14.3.1/../../../../arm-none-eabi/lib/thumb/v7e-m+fp/hard\libc_nano.a(libc_a-memset.o)
 .ARM.attributes
                0x0000075f       0x34 C:/ST/STM32CubeIDE_2.1.1/STM32CubeIDE/plugins/com.st.stm32cube.ide.mcu.externaltools.gnu-tools-for-stm32.14.3.rel1.win32_1.0.100.202602081740/tools/bin/../lib/gcc/arm-none-eabi/14.3.1/../../../../arm-none-eabi/lib/thumb/v7e-m+fp/hard\libc_nano.a(libc_a-reent.o)
 .ARM.attributes
                0x00000793       0x34 C:/ST/STM32CubeIDE_2.1.1/STM32CubeIDE/plugins/com.st.stm32cube.ide.mcu.externaltools.gnu-tools-for-stm32.14.3.rel1.win32_1.0.100.202602081740/tools/bin/../lib/gcc/arm-none-eabi/14.3.1/../../../../arm-none-eabi/lib/thumb/v7e-m+fp/hard\libc_nano.a(libc_a-impure.o)
 .ARM.attributes
                0x000007c7       0x34 C:/ST/STM32CubeIDE_2.1.1/STM32CubeIDE/plugins/com.st.stm32cube.ide.mcu.externaltools.gnu-tools-for-stm32.14.3.rel1.win32_1.0.100.202602081740/tools/bin/../lib/gcc/arm-none-eabi/14.3.1/../../../../arm-none-eabi/lib/thumb/v7e-m+fp/hard\libc_nano.a(libc_a-sbrkr.o)
 .ARM.attributes
                0x000007fb       0x34 C:/ST/STM32CubeIDE_2.1.1/STM32CubeIDE/plugins/com.st.stm32cube.ide.mcu.externaltools.gnu-tools-for-stm32.14.3.rel1.win32_1.0.100.202602081740/tools/bin/../lib/gcc/arm-none-eabi/14.3.1/../../../../arm-none-eabi/lib/thumb/v7e-m+fp/hard\libc_nano.a(libc_a-errno.o)
 .ARM.attributes
                0x0000082f       0x34 C:/ST/STM32CubeIDE_2.1.1/STM32CubeIDE/plugins/com.st.stm32cube.ide.mcu.externaltools.gnu-tools-for-stm32.14.3.rel1.win32_1.0.100.202602081740/tools/bin/../lib/gcc/arm-none-eabi/14.3.1/../../../../arm-none-eabi/lib/thumb/v7e-m+fp/hard\libc_nano.a(libc_a-init.o)
 .ARM.attributes
                0x00000863       0x34 C:/ST/STM32CubeIDE_2.1.1/STM32CubeIDE/plugins/com.st.stm32cube.ide.mcu.externaltools.gnu-tools-for-stm32.14.3.rel1.win32_1.0.100.202602081740/tools/bin/../lib/gcc/arm-none-eabi/14.3.1/../../../../arm-none-eabi/lib/thumb/v7e-m+fp/hard\libc_nano.a(libc_a-lock.o)
 .ARM.attributes
                0x00000897       0x34 C:/ST/STM32CubeIDE_2.1.1/STM32CubeIDE/plugins/com.st.stm32cube.ide.mcu.externaltools.gnu-tools-for-stm32.14.3.rel1.win32_1.0.100.202602081740/tools/bin/../lib/gcc/arm-none-eabi/14.3.1/../../../../arm-none-eabi/lib/thumb/v7e-m+fp/hard\libc_nano.a(libc_a-memcpy-stub.o)
 .ARM.attributes
                0x000008cb       0x22 C:/ST/STM32CubeIDE_2.1.1/STM32CubeIDE/plugins/com.st.stm32cube.ide.mcu.externaltools.gnu-tools-for-stm32.14.3.rel1.win32_1.0.100.202602081740/tools/bin/../lib/gcc/arm-none-eabi/14.3.1/thumb/v7e-m+fp/hard/crtn.o
OUTPUT(Część_11_Wykorzystanie_DMA.elf elf32-littlearm)
LOAD linker stubs
LOAD C:/ST/STM32CubeIDE_2.1.1/STM32CubeIDE/plugins/com.st.stm32cube.ide.mcu.externaltools.gnu-tools-for-stm32.14.3.rel1.win32_1.0.100.202602081740/tools/bin/../lib/gcc/arm-none-eabi/14.3.1/../../../../arm-none-eabi/lib/thumb/v7e-m+fp/hard\libc.a
LOAD C:/ST/STM32CubeIDE_2.1.1/STM32CubeIDE/plugins/com.st.stm32cube.ide.mcu.externaltools.gnu-tools-for-stm32.14.3.rel1.win32_1.0.100.202602081740/tools/bin/../lib/gcc/arm-none-eabi/14.3.1/../../../../arm-none-eabi/lib/thumb/v7e-m+fp/hard\libm.a
LOAD C:/ST/STM32CubeIDE_2.1.1/STM32CubeIDE/plugins/com.st.stm32cube.ide.mcu.externaltools.gnu-tools-for-stm32.14.3.rel1.win32_1.0.100.202602081740/tools/bin/../lib/gcc/arm-none-eabi/14.3.1/thumb/v7e-m+fp/hard\libgcc.a

.debug_info     0x00000000     0xcb4f
 .debug_info    0x00000000      0x482 ./Core/Src/gpio.o
 .debug_info    0x00000482      0x58e ./Core/Src/hagl_hal.o
 .debug_info    0x00000a10      0x901 ./Core/Src/lcd.o
 .debug_info    0x00001311      0xd45 ./Core/Src/main.o
 .debug_info    0x00002056      0xa0c ./Core/Src/spi.o
 .debug_info    0x00002a62      0x301 ./Core/Src/stm32l4xx_hal_msp.o
 .debug_info    0x00002d63      0x3ae ./Core/Src/stm32l4xx_it.o
 .debug_info    0x00003111      0x168 ./Core/Src/sysmem.o
 .debug_info    0x00003279      0x5e2 ./Core/Src/system_stm32l4xx.o
 .debug_info    0x0000385b       0x30 ./Core/Startup/startup_stm32l476rgtx.o
 .debug_info    0x0000388b      0xb2d ./Drivers/STM32L4xx_HAL_Driver/Src/stm32l4xx_hal.o
 .debug_info    0x000043b8      0xdad ./Drivers/STM32L4xx_HAL_Driver/Src/stm32l4xx_hal_cortex.o
 .debug_info    0x00005165      0x71a ./Drivers/STM32L4xx_HAL_Driver/Src/stm32l4xx_hal_dma.o
 .debug_info    0x0000587f      0x79f ./Drivers/STM32L4xx_HAL_Driver/Src/stm32l4xx_hal_gpio.o
 .debug_info    0x0000601e      0x9ca ./Drivers/STM32L4xx_HAL_Driver/Src/stm32l4xx_hal_pwr_ex.o
 .debug_info    0x000069e8      0xc45 ./Drivers/STM32L4xx_HAL_Driver/Src/stm32l4xx_hal_rcc.o
 .debug_info    0x0000762d     0x1572 ./Drivers/STM32L4xx_HAL_Driver/Src/stm32l4xx_hal_spi.o
 .debug_info    0x00008b9f      0x26e ./hagl/src/fontx.o
 .debug_info    0x00008e0d      0x6b0 ./hagl/src/hagl.o
 .debug_info    0x000094bd      0x796 ./hagl/src/hagl_bitmap.o
 .debug_info    0x00009c53      0x5e3 ./hagl/src/hagl_blit.o
 .debug_info    0x0000a236      0x822 ./hagl/src/hagl_char.o
 .debug_info    0x0000aa58      0x57f ./hagl/src/hagl_clip.o
 .debug_info    0x0000afd7      0x45a ./hagl/src/hagl_hline.o
 .debug_info    0x0000b431      0x4d9 ./hagl/src/hagl_line.o
 .debug_info    0x0000b90a      0x484 ./hagl/src/hagl_pixel.o
 .debug_info    0x0000bd8e      0x7e3 ./hagl/src/hagl_rectangle.o
 .debug_info    0x0000c571      0x45a ./hagl/src/hagl_vline.o
 .debug_info    0x0000c9cb      0x184 ./hagl/src/rgb565.o

.debug_abbrev   0x00000000     0x2d99
 .debug_abbrev  0x00000000      0x158 ./Core/Src/gpio.o
 .debug_abbrev  0x00000158      0x17b ./Core/Src/hagl_hal.o
 .debug_abbrev  0x000002d3      0x254 ./Core/Src/lcd.o
 .debug_abbrev  0x00000527      0x2d8 ./Core/Src/main.o
 .debug_abbrev  0x000007ff      0x20c ./Core/Src/spi.o
 .debug_abbrev  0x00000a0b       0xdd ./Core/Src/stm32l4xx_hal_msp.o
 .debug_abbrev  0x00000ae8      0x198 ./Core/Src/stm32l4xx_it.o
 .debug_abbrev  0x00000c80       0xbc ./Core/Src/sysmem.o
 .debug_abbrev  0x00000d3c      0x117 ./Core/Src/system_stm32l4xx.o
 .debug_abbrev  0x00000e53       0x24 ./Core/Startup/startup_stm32l476rgtx.o
 .debug_abbrev  0x00000e77      0x243 ./Drivers/STM32L4xx_HAL_Driver/Src/stm32l4xx_hal.o
 .debug_abbrev  0x000010ba      0x31c ./Drivers/STM32L4xx_HAL_Driver/Src/stm32l4xx_hal_cortex.o
 .debug_abbrev  0x000013d6      0x1fd ./Drivers/STM32L4xx_HAL_Driver/Src/stm32l4xx_hal_dma.o
 .debug_abbrev  0x000015d3      0x1d1 ./Drivers/STM32L4xx_HAL_Driver/Src/stm32l4xx_hal_gpio.o
 .debug_abbrev  0x000017a4      0x1f9 ./Drivers/STM32L4xx_HAL_Driver/Src/stm32l4xx_hal_pwr_ex.o
 .debug_abbrev  0x0000199d      0x2dc ./Drivers/STM32L4xx_HAL_Driver/Src/stm32l4xx_hal_rcc.o
 .debug_abbrev  0x00001c79      0x282 ./Drivers/STM32L4xx_HAL_Driver/Src/stm32l4xx_hal_spi.o
 .debug_abbrev  0x00001efb      0x110 ./hagl/src/fontx.o
 .debug_abbrev  0x0000200b      0x169 ./hagl/src/hagl.o
 .debug_abbrev  0x00002174      0x161 ./hagl/src/hagl_bitmap.o
 .debug_abbrev  0x000022d5      0x14c ./hagl/src/hagl_blit.o
 .debug_abbrev  0x00002421      0x179 ./hagl/src/hagl_char.o
 .debug_abbrev  0x0000259a      0x144 ./hagl/src/hagl_clip.o
 .debug_abbrev  0x000026de      0x116 ./hagl/src/hagl_hline.o
 .debug_abbrev  0x000027f4      0x137 ./hagl/src/hagl_line.o
 .debug_abbrev  0x0000292b      0x12b ./hagl/src/hagl_pixel.o
 .debug_abbrev  0x00002a56      0x159 ./hagl/src/hagl_rectangle.o
 .debug_abbrev  0x00002baf      0x116 ./hagl/src/hagl_vline.o
 .debug_abbrev  0x00002cc5       0xd4 ./hagl/src/rgb565.o

.debug_aranges  0x00000000      0xb68
 .debug_aranges
                0x00000000       0x20 ./Core/Src/gpio.o
 .debug_aranges
                0x00000020       0x48 ./Core/Src/hagl_hal.o
 .debug_aranges
                0x00000068       0x68 ./Core/Src/lcd.o
 .debug_aranges
                0x000000d0       0x38 ./Core/Src/main.o
 .debug_aranges
                0x00000108       0x30 ./Core/Src/spi.o
 .debug_aranges
                0x00000138       0x20 ./Core/Src/stm32l4xx_hal_msp.o
 .debug_aranges
                0x00000158       0x68 ./Core/Src/stm32l4xx_it.o
 .debug_aranges
                0x000001c0       0x20 ./Core/Src/sysmem.o
 .debug_aranges
                0x000001e0       0x28 ./Core/Src/system_stm32l4xx.o
 .debug_aranges
                0x00000208       0x28 ./Core/Startup/startup_stm32l476rgtx.o
 .debug_aranges
                0x00000230      0x130 ./Drivers/STM32L4xx_HAL_Driver/Src/stm32l4xx_hal.o
 .debug_aranges
                0x00000360      0x128 ./Drivers/STM32L4xx_HAL_Driver/Src/stm32l4xx_hal_cortex.o
 .debug_aranges
                0x00000488       0x80 ./Drivers/STM32L4xx_HAL_Driver/Src/stm32l4xx_hal_dma.o
 .debug_aranges
                0x00000508       0x58 ./Drivers/STM32L4xx_HAL_Driver/Src/stm32l4xx_hal_gpio.o
 .debug_aranges
                0x00000560      0x160 ./Drivers/STM32L4xx_HAL_Driver/Src/stm32l4xx_hal_pwr_ex.o
 .debug_aranges
                0x000006c0       0x90 ./Drivers/STM32L4xx_HAL_Driver/Src/stm32l4xx_hal_rcc.o
 .debug_aranges
                0x00000750      0x1d8 ./Drivers/STM32L4xx_HAL_Driver/Src/stm32l4xx_hal_spi.o
 .debug_aranges
                0x00000928       0x28 ./hagl/src/fontx.o
 .debug_aranges
                0x00000950       0x40 ./hagl/src/hagl.o
 .debug_aranges
                0x00000990       0x50 ./hagl/src/hagl_bitmap.o
 .debug_aranges
                0x000009e0       0x28 ./hagl/src/hagl_blit.o
 .debug_aranges
                0x00000a08       0x38 ./hagl/src/hagl_char.o
 .debug_aranges
                0x00000a40       0x30 ./hagl/src/hagl_clip.o
 .debug_aranges
                0x00000a70       0x20 ./hagl/src/hagl_hline.o
 .debug_aranges
                0x00000a90       0x20 ./hagl/src/hagl_line.o
 .debug_aranges
                0x00000ab0       0x28 ./hagl/src/hagl_pixel.o
 .debug_aranges
                0x00000ad8       0x48 ./hagl/src/hagl_rectangle.o
 .debug_aranges
                0x00000b20       0x20 ./hagl/src/hagl_vline.o
 .debug_aranges
                0x00000b40       0x28 ./hagl/src/rgb565.o

.debug_rnglists
                0x00000000      0x869
 .debug_rnglists
                0x00000000       0x14 ./Core/Src/gpio.o
 .debug_rnglists
                0x00000014       0x31 ./Core/Src/hagl_hal.o
 .debug_rnglists
                0x00000045       0x49 ./Core/Src/lcd.o
 .debug_rnglists
                0x0000008e       0x27 ./Core/Src/main.o
 .debug_rnglists
                0x000000b5       0x20 ./Core/Src/spi.o
 .debug_rnglists
                0x000000d5       0x13 ./Core/Src/stm32l4xx_hal_msp.o
 .debug_rnglists
                0x000000e8       0x49 ./Core/Src/stm32l4xx_it.o
 .debug_rnglists
                0x00000131       0x13 ./Core/Src/sysmem.o
 .debug_rnglists
                0x00000144       0x1a ./Core/Src/system_stm32l4xx.o
 .debug_rnglists
                0x0000015e       0x19 ./Core/Startup/startup_stm32l476rgtx.o
 .debug_rnglists
                0x00000177       0xdf ./Drivers/STM32L4xx_HAL_Driver/Src/stm32l4xx_hal.o
 .debug_rnglists
                0x00000256       0xda ./Drivers/STM32L4xx_HAL_Driver/Src/stm32l4xx_hal_cortex.o
 .debug_rnglists
                0x00000330       0x65 ./Drivers/STM32L4xx_HAL_Driver/Src/stm32l4xx_hal_dma.o
 .debug_rnglists
                0x00000395       0x3f ./Drivers/STM32L4xx_HAL_Driver/Src/stm32l4xx_hal_gpio.o
 .debug_rnglists
                0x000003d4      0x109 ./Drivers/STM32L4xx_HAL_Driver/Src/stm32l4xx_hal_pwr_ex.o
 .debug_rnglists
                0x000004dd       0x6d ./Drivers/STM32L4xx_HAL_Driver/Src/stm32l4xx_hal_rcc.o
 .debug_rnglists
                0x0000054a      0x178 ./Drivers/STM32L4xx_HAL_Driver/Src/stm32l4xx_hal_spi.o
 .debug_rnglists
                0x000006c2       0x1a ./hagl/src/fontx.o
 .debug_rnglists
                0x000006dc       0x2c ./hagl/src/hagl.o
 .debug_rnglists
                0x00000708       0x3b ./hagl/src/hagl_bitmap.o
 .debug_rnglists
                0x00000743       0x1b ./hagl/src/hagl_blit.o
 .debug_rnglists
                0x0000075e       0x28 ./hagl/src/hagl_char.o
 .debug_rnglists
                0x00000786       0x20 ./hagl/src/hagl_clip.o
 .debug_rnglists
                0x000007a6       0x23 ./hagl/src/hagl_hline.o
 .debug_rnglists
                0x000007c9       0x14 ./hagl/src/hagl_line.o
 .debug_rnglists
                0x000007dd       0x1a ./hagl/src/hagl_pixel.o
 .debug_rnglists
                0x000007f7       0x35 ./hagl/src/hagl_rectangle.o
 .debug_rnglists
                0x0000082c       0x23 ./hagl/src/hagl_vline.o
 .debug_rnglists
                0x0000084f       0x1a ./hagl/src/rgb565.o

.debug_macro    0x00000000     0x3d28
 .debug_macro   0x00000000      0x1d5 ./Core/Src/gpio.o
 .debug_macro   0x000001d5       0xd9 ./Core/Src/hagl_hal.o
 .debug_macro   0x000002ae       0x22 ./Core/Src/hagl_hal.o
 .debug_macro   0x000002d0       0x40 ./Core/Src/hagl_hal.o
 .debug_macro   0x00000310       0x16 ./Core/Src/hagl_hal.o
 .debug_macro   0x00000326      0x277 ./Core/Src/lcd.o
 .debug_macro   0x0000059d      0x3e0 ./Core/Src/main.o
 .debug_macro   0x0000097d       0x2a ./Core/Src/main.o
 .debug_macro   0x000009a7       0x61 ./Core/Src/main.o
 .debug_macro   0x00000a08       0x43 ./Core/Src/main.o
 .debug_macro   0x00000a4b       0x34 ./Core/Src/main.o
 .debug_macro   0x00000a7f       0x16 ./Core/Src/main.o
 .debug_macro   0x00000a95       0x3c ./Core/Src/main.o
 .debug_macro   0x00000ad1      0x364 ./Core/Src/main.o
 .debug_macro   0x00000e35       0x16 ./Core/Src/main.o
 .debug_macro   0x00000e4b       0x4a ./Core/Src/main.o
 .debug_macro   0x00000e95       0x34 ./Core/Src/main.o
 .debug_macro   0x00000ec9       0x10 ./Core/Src/main.o
 .debug_macro   0x00000ed9       0x58 ./Core/Src/main.o
 .debug_macro   0x00000f31       0x8e ./Core/Src/main.o
 .debug_macro   0x00000fbf       0x1c ./Core/Src/main.o
 .debug_macro   0x00000fdb      0x17e ./Core/Src/main.o
 .debug_macro   0x00001159       0x16 ./Core/Src/main.o
 .debug_macro   0x0000116f       0x29 ./Core/Src/main.o
 .debug_macro   0x00001198       0x10 ./Core/Src/main.o
 .debug_macro   0x000011a8       0x46 ./Core/Src/main.o
 .debug_macro   0x000011ee       0x22 ./Core/Src/main.o
 .debug_macro   0x00001210      0x1d5 ./Core/Src/spi.o
 .debug_macro   0x000013e5      0x1cb ./Core/Src/stm32l4xx_hal_msp.o
 .debug_macro   0x000015b0      0x1d5 ./Core/Src/stm32l4xx_it.o
 .debug_macro   0x00001785      0x112 ./Core/Src/sysmem.o
 .debug_macro   0x00001897      0x23c ./Core/Src/sysmem.o
 .debug_macro   0x00001ad3      0x1bc ./Core/Src/system_stm32l4xx.o
 .debug_macro   0x00001c8f      0x20a ./Drivers/STM32L4xx_HAL_Driver/Src/stm32l4xx_hal.o
 .debug_macro   0x00001e99      0x1bc ./Drivers/STM32L4xx_HAL_Driver/Src/stm32l4xx_hal_cortex.o
 .debug_macro   0x00002055      0x1bc ./Drivers/STM32L4xx_HAL_Driver/Src/stm32l4xx_hal_dma.o
 .debug_macro   0x00002211      0x1c3 ./Drivers/STM32L4xx_HAL_Driver/Src/stm32l4xx_hal_gpio.o
 .debug_macro   0x000023d4      0x1e0 ./Drivers/STM32L4xx_HAL_Driver/Src/stm32l4xx_hal_pwr_ex.o
 .debug_macro   0x000025b4      0x1fe ./Drivers/STM32L4xx_HAL_Driver/Src/stm32l4xx_hal_rcc.o
 .debug_macro   0x000027b2      0x1c4 ./Drivers/STM32L4xx_HAL_Driver/Src/stm32l4xx_hal_spi.o
 .debug_macro   0x00002976      0x14d ./hagl/src/fontx.o
 .debug_macro   0x00002ac3       0x10 ./hagl/src/fontx.o
 .debug_macro   0x00002ad3       0x20 ./hagl/src/fontx.o
 .debug_macro   0x00002af3       0x46 ./hagl/src/fontx.o
 .debug_macro   0x00002b39      0x2f9 ./hagl/src/hagl.o
 .debug_macro   0x00002e32      0x119 ./hagl/src/hagl.o
 .debug_macro   0x00002f4b       0x16 ./hagl/src/hagl.o
 .debug_macro   0x00002f61       0x16 ./hagl/src/hagl.o
 .debug_macro   0x00002f77      0x210 ./hagl/src/hagl_bitmap.o
 .debug_macro   0x00003187      0x19b ./hagl/src/hagl_bitmap.o
 .debug_macro   0x00003322       0x1c ./hagl/src/hagl_bitmap.o
 .debug_macro   0x0000333e       0xa5 ./hagl/src/hagl_blit.o
 .debug_macro   0x000033e3      0x256 ./hagl/src/hagl_char.o
 .debug_macro   0x00003639       0xa4 ./hagl/src/hagl_clip.o
 .debug_macro   0x000036dd       0xa5 ./hagl/src/hagl_hline.o
 .debug_macro   0x00003782      0x24b ./hagl/src/hagl_line.o
 .debug_macro   0x000039cd       0x9b ./hagl/src/hagl_pixel.o
 .debug_macro   0x00003a68      0x196 ./hagl/src/hagl_rectangle.o
 .debug_macro   0x00003bfe       0xa5 ./hagl/src/hagl_vline.o
 .debug_macro   0x00003ca3       0x85 ./hagl/src/rgb565.o

.debug_line     0x00000000    0x10a99
 .debug_line    0x00000000      0x73d ./Core/Src/gpio.o
 .debug_line    0x0000073d      0x596 ./Core/Src/hagl_hal.o
 .debug_line    0x00000cd3      0x869 ./Core/Src/lcd.o
 .debug_line    0x0000153c      0xb69 ./Core/Src/main.o
 .debug_line    0x000020a5      0x7e6 ./Core/Src/spi.o
 .debug_line    0x0000288b      0x72e ./Core/Src/stm32l4xx_hal_msp.o
 .debug_line    0x00002fb9      0x7f5 ./Core/Src/stm32l4xx_it.o
 .debug_line    0x000037ae      0x58d ./Core/Src/sysmem.o
 .debug_line    0x00003d3b      0x7cc ./Core/Src/system_stm32l4xx.o
 .debug_line    0x00004507       0x7a ./Core/Startup/startup_stm32l476rgtx.o
 .debug_line    0x00004581      0xb37 ./Drivers/STM32L4xx_HAL_Driver/Src/stm32l4xx_hal.o
 .debug_line    0x000050b8      0xccf ./Drivers/STM32L4xx_HAL_Driver/Src/stm32l4xx_hal_cortex.o
 .debug_line    0x00005d87      0xce9 ./Drivers/STM32L4xx_HAL_Driver/Src/stm32l4xx_hal_dma.o
 .debug_line    0x00006a70      0xb88 ./Drivers/STM32L4xx_HAL_Driver/Src/stm32l4xx_hal_gpio.o
 .debug_line    0x000075f8      0xd16 ./Drivers/STM32L4xx_HAL_Driver/Src/stm32l4xx_hal_pwr_ex.o
 .debug_line    0x0000830e     0x1089 ./Drivers/STM32L4xx_HAL_Driver/Src/stm32l4xx_hal_rcc.o
 .debug_line    0x00009397     0x2014 ./Drivers/STM32L4xx_HAL_Driver/Src/stm32l4xx_hal_spi.o
 .debug_line    0x0000b3ab      0x6b9 ./hagl/src/fontx.o
 .debug_line    0x0000ba64      0x879 ./hagl/src/hagl.o
 .debug_line    0x0000c2dd      0xa99 ./hagl/src/hagl_bitmap.o
 .debug_line    0x0000cd76      0x656 ./hagl/src/hagl_blit.o
 .debug_line    0x0000d3cc      0x905 ./hagl/src/hagl_char.o
 .debug_line    0x0000dcd1      0x650 ./hagl/src/hagl_clip.o
 .debug_line    0x0000e321      0x544 ./hagl/src/hagl_hline.o
 .debug_line    0x0000e865      0x7df ./hagl/src/hagl_line.o
 .debug_line    0x0000f044      0x567 ./hagl/src/hagl_pixel.o
 .debug_line    0x0000f5ab      0xabd ./hagl/src/hagl_rectangle.o
 .debug_line    0x00010068      0x544 ./hagl/src/hagl_vline.o
 .debug_line    0x000105ac      0x4ed ./hagl/src/rgb565.o

.debug_str      0x00000000    0xe7dde
 .debug_str     0x00000000    0xe7dde ./Core/Src/gpio.o
                              0xdff4c (size before relaxing)
 .debug_str     0x000e7dde     0x43fc ./Core/Src/hagl_hal.o
 .debug_str     0x000e7dde    0xe0537 ./Core/Src/lcd.o
 .debug_str     0x000e7dde    0xe39cf ./Core/Src/main.o
 .debug_str     0x000e7dde    0xe038f ./Core/Src/spi.o
 .debug_str     0x000e7dde    0xdfe7c ./Core/Src/stm32l4xx_hal_msp.o
 .debug_str     0x000e7dde    0xdffe1 ./Core/Src/stm32l4xx_it.o
 .debug_str     0x000e7dde     0x7716 ./Core/Src/sysmem.o
 .debug_str     0x000e7dde    0xdfea6 ./Core/Src/system_stm32l4xx.o
 .debug_str     0x000e7dde       0x8e ./Core/Startup/startup_stm32l476rgtx.o
 .debug_str     0x000e7dde    0xe0a4e ./Drivers/STM32L4xx_HAL_Driver/Src/stm32l4xx_hal.o
 .debug_str     0x000e7dde    0xe071f ./Drivers/STM32L4xx_HAL_Driver/Src/stm32l4xx_hal_cortex.o
 .debug_str     0x000e7dde    0xe0122 ./Drivers/STM32L4xx_HAL_Driver/Src/stm32l4xx_hal_dma.o
 .debug_str     0x000e7dde    0xe0031 ./Drivers/STM32L4xx_HAL_Driver/Src/stm32l4xx_hal_gpio.o
 .debug_str     0x000e7dde    0xe0401 ./Drivers/STM32L4xx_HAL_Driver/Src/stm32l4xx_hal_pwr_ex.o
 .debug_str     0x000e7dde    0xe04ec ./Drivers/STM32L4xx_HAL_Driver/Src/stm32l4xx_hal_rcc.o
 .debug_str     0x000e7dde    0xe06c1 ./Drivers/STM32L4xx_HAL_Driver/Src/stm32l4xx_hal_spi.o
 .debug_str     0x000e7dde     0x744f ./hagl/src/fontx.o
 .debug_str     0x000e7dde     0x87b5 ./hagl/src/hagl.o
 .debug_str     0x000e7dde     0x84b8 ./hagl/src/hagl_bitmap.o
 .debug_str     0x000e7dde     0x3f77 ./hagl/src/hagl_blit.o
 .debug_str     0x000e7dde     0x78f0 ./hagl/src/hagl_char.o
 .debug_str     0x000e7dde     0x3fce ./hagl/src/hagl_clip.o
 .debug_str     0x000e7dde     0x3f58 ./hagl/src/hagl_hline.o
 .debug_str     0x000e7dde     0x7755 ./hagl/src/hagl_line.o
 .debug_str     0x000e7dde     0x3f51 ./hagl/src/hagl_pixel.o
 .debug_str     0x000e7dde     0x75d3 ./hagl/src/hagl_rectangle.o
 .debug_str     0x000e7dde     0x3f58 ./hagl/src/hagl_vline.o
 .debug_str     0x000e7dde     0x3e0c ./hagl/src/rgb565.o

.comment        0x00000000       0x43
 .comment       0x00000000       0x43 ./Core/Src/gpio.o
                                 0x44 (size before relaxing)
 .comment       0x00000043       0x44 ./Core/Src/hagl_hal.o
 .comment       0x00000043       0x44 ./Core/Src/lcd.o
 .comment       0x00000043       0x44 ./Core/Src/main.o
 .comment       0x00000043       0x44 ./Core/Src/spi.o
 .comment       0x00000043       0x44 ./Core/Src/stm32l4xx_hal_msp.o
 .comment       0x00000043       0x44 ./Core/Src/stm32l4xx_it.o
 .comment       0x00000043       0x44 ./Core/Src/sysmem.o
 .comment       0x00000043       0x44 ./Core/Src/system_stm32l4xx.o
 .comment       0x00000043       0x44 ./Drivers/STM32L4xx_HAL_Driver/Src/stm32l4xx_hal.o
 .comment       0x00000043       0x44 ./Drivers/STM32L4xx_HAL_Driver/Src/stm32l4xx_hal_cortex.o
 .comment       0x00000043       0x44 ./Drivers/STM32L4xx_HAL_Driver/Src/stm32l4xx_hal_dma.o
 .comment       0x00000043       0x44 ./Drivers/STM32L4xx_HAL_Driver/Src/stm32l4xx_hal_gpio.o
 .comment       0x00000043       0x44 ./Drivers/STM32L4xx_HAL_Driver/Src/stm32l4xx_hal_pwr_ex.o
 .comment       0x00000043       0x44 ./Drivers/STM32L4xx_HAL_Driver/Src/stm32l4xx_hal_rcc.o
 .comment       0x00000043       0x44 ./Drivers/STM32L4xx_HAL_Driver/Src/stm32l4xx_hal_spi.o
 .comment       0x00000043       0x44 ./hagl/src/fontx.o
 .comment       0x00000043       0x44 ./hagl/src/hagl.o
 .comment       0x00000043       0x44 ./hagl/src/hagl_bitmap.o
 .comment       0x00000043       0x44 ./hagl/src/hagl_blit.o
 .comment       0x00000043       0x44 ./hagl/src/hagl_char.o
 .comment       0x00000043       0x44 ./hagl/src/hagl_clip.o
 .comment       0x00000043       0x44 ./hagl/src/hagl_hline.o
 .comment       0x00000043       0x44 ./hagl/src/hagl_line.o
 .comment       0x00000043       0x44 ./hagl/src/hagl_pixel.o
 .comment       0x00000043       0x44 ./hagl/src/hagl_rectangle.o
 .comment       0x00000043       0x44 ./hagl/src/hagl_vline.o
 .comment       0x00000043       0x44 ./hagl/src/rgb565.o

.debug_frame    0x00000000     0x29fc
 .debug_frame   0x00000000       0x34 ./Core/Src/gpio.o
 .debug_frame   0x00000034       0xe8 ./Core/Src/hagl_hal.o
 .debug_frame   0x0000011c      0x160 ./Core/Src/lcd.o
 .debug_frame   0x0000027c       0x98 ./Core/Src/main.o
 .debug_frame   0x00000314       0x74 ./Core/Src/spi.o
 .debug_frame   0x00000388       0x34 ./Core/Src/stm32l4xx_hal_msp.o
 .debug_frame   0x000003bc      0x114 ./Core/Src/stm32l4xx_it.o
 .debug_frame   0x000004d0       0x34 ./Core/Src/sysmem.o
 .debug_frame   0x00000504       0x50 ./Core/Src/system_stm32l4xx.o
 .debug_frame   0x00000554      0x424 ./Drivers/STM32L4xx_HAL_Driver/Src/stm32l4xx_hal.o
 .debug_frame   0x00000978      0x49c ./Drivers/STM32L4xx_HAL_Driver/Src/stm32l4xx_hal_cortex.o
 .debug_frame   0x00000e14      0x1e4 ./Drivers/STM32L4xx_HAL_Driver/Src/stm32l4xx_hal_dma.o
 .debug_frame   0x00000ff8      0x130 ./Drivers/STM32L4xx_HAL_Driver/Src/stm32l4xx_hal_gpio.o
 .debug_frame   0x00001128      0x4ec ./Drivers/STM32L4xx_HAL_Driver/Src/stm32l4xx_hal_pwr_ex.o
 .debug_frame   0x00001614      0x200 ./Drivers/STM32L4xx_HAL_Driver/Src/stm32l4xx_hal_rcc.o
 .debug_frame   0x00001814      0x820 ./Drivers/STM32L4xx_HAL_Driver/Src/stm32l4xx_hal_spi.o
 .debug_frame   0x00002034       0x58 ./hagl/src/fontx.o
 .debug_frame   0x0000208c       0xc8 ./hagl/src/hagl.o
 .debug_frame   0x00002154      0x10c ./hagl/src/hagl_bitmap.o
 .debug_frame   0x00002260       0x60 ./hagl/src/hagl_blit.o
 .debug_frame   0x000022c0       0xa8 ./hagl/src/hagl_char.o
 .debug_frame   0x00002368       0x84 ./hagl/src/hagl_clip.o
 .debug_frame   0x000023ec       0x38 ./hagl/src/hagl_hline.o
 .debug_frame   0x00002424       0x3c ./hagl/src/hagl_line.o
 .debug_frame   0x00002460       0x5c ./hagl/src/hagl_pixel.o
 .debug_frame   0x000024bc       0xf8 ./hagl/src/hagl_rectangle.o
 .debug_frame   0x000025b4       0x38 ./hagl/src/hagl_vline.o
 .debug_frame   0x000025ec       0x58 ./hagl/src/rgb565.o
 .debug_frame   0x00002644       0x20 C:/ST/STM32CubeIDE_2.1.1/STM32CubeIDE/plugins/com.st.stm32cube.ide.mcu.externaltools.gnu-tools-for-stm32.14.3.rel1.win32_1.0.100.202602081740/tools/bin/../lib/gcc/arm-none-eabi/14.3.1/../../../../arm-none-eabi/lib/thumb/v7e-m+fp/hard\libc_nano.a(libc_a-calloc.o)
 .debug_frame   0x00002664       0x2c C:/ST/STM32CubeIDE_2.1.1/STM32CubeIDE/plugins/com.st.stm32cube.ide.mcu.externaltools.gnu-tools-for-stm32.14.3.rel1.win32_1.0.100.202602081740/tools/bin/../lib/gcc/arm-none-eabi/14.3.1/../../../../arm-none-eabi/lib/thumb/v7e-m+fp/hard\libc_nano.a(libc_a-callocr.o)
 .debug_frame   0x00002690       0x50 C:/ST/STM32CubeIDE_2.1.1/STM32CubeIDE/plugins/com.st.stm32cube.ide.mcu.externaltools.gnu-tools-for-stm32.14.3.rel1.win32_1.0.100.202602081740/tools/bin/../lib/gcc/arm-none-eabi/14.3.1/../../../../arm-none-eabi/lib/thumb/v7e-m+fp/hard\libc_nano.a(libc_a-mallocr.o)
 .debug_frame   0x000026e0       0x30 C:/ST/STM32CubeIDE_2.1.1/STM32CubeIDE/plugins/com.st.stm32cube.ide.mcu.externaltools.gnu-tools-for-stm32.14.3.rel1.win32_1.0.100.202602081740/tools/bin/../lib/gcc/arm-none-eabi/14.3.1/../../../../arm-none-eabi/lib/thumb/v7e-m+fp/hard\libc_nano.a(libc_a-mlock.o)
 .debug_frame   0x00002710      0x144 C:/ST/STM32CubeIDE_2.1.1/STM32CubeIDE/plugins/com.st.stm32cube.ide.mcu.externaltools.gnu-tools-for-stm32.14.3.rel1.win32_1.0.100.202602081740/tools/bin/../lib/gcc/arm-none-eabi/14.3.1/../../../../arm-none-eabi/lib/thumb/v7e-m+fp/hard\libc_nano.a(libc_a-findfp.o)
 .debug_frame   0x00002854       0x20 C:/ST/STM32CubeIDE_2.1.1/STM32CubeIDE/plugins/com.st.stm32cube.ide.mcu.externaltools.gnu-tools-for-stm32.14.3.rel1.win32_1.0.100.202602081740/tools/bin/../lib/gcc/arm-none-eabi/14.3.1/../../../../arm-none-eabi/lib/thumb/v7e-m+fp/hard\libc_nano.a(libc_a-memset.o)
 .debug_frame   0x00002874       0x38 C:/ST/STM32CubeIDE_2.1.1/STM32CubeIDE/plugins/com.st.stm32cube.ide.mcu.externaltools.gnu-tools-for-stm32.14.3.rel1.win32_1.0.100.202602081740/tools/bin/../lib/gcc/arm-none-eabi/14.3.1/../../../../arm-none-eabi/lib/thumb/v7e-m+fp/hard\libc_nano.a(libc_a-reent.o)
 .debug_frame   0x000028ac       0x2c C:/ST/STM32CubeIDE_2.1.1/STM32CubeIDE/plugins/com.st.stm32cube.ide.mcu.externaltools.gnu-tools-for-stm32.14.3.rel1.win32_1.0.100.202602081740/tools/bin/../lib/gcc/arm-none-eabi/14.3.1/../../../../arm-none-eabi/lib/thumb/v7e-m+fp/hard\libc_nano.a(libc_a-sbrkr.o)
 .debug_frame   0x000028d8       0x20 C:/ST/STM32CubeIDE_2.1.1/STM32CubeIDE/plugins/com.st.stm32cube.ide.mcu.externaltools.gnu-tools-for-stm32.14.3.rel1.win32_1.0.100.202602081740/tools/bin/../lib/gcc/arm-none-eabi/14.3.1/../../../../arm-none-eabi/lib/thumb/v7e-m+fp/hard\libc_nano.a(libc_a-errno.o)
 .debug_frame   0x000028f8       0x2c C:/ST/STM32CubeIDE_2.1.1/STM32CubeIDE/plugins/com.st.stm32cube.ide.mcu.externaltools.gnu-tools-for-stm32.14.3.rel1.win32_1.0.100.202602081740/tools/bin/../lib/gcc/arm-none-eabi/14.3.1/../../../../arm-none-eabi/lib/thumb/v7e-m+fp/hard\libc_nano.a(libc_a-init.o)
 .debug_frame   0x00002924       0xb0 C:/ST/STM32CubeIDE_2.1.1/STM32CubeIDE/plugins/com.st.stm32cube.ide.mcu.externaltools.gnu-tools-for-stm32.14.3.rel1.win32_1.0.100.202602081740/tools/bin/../lib/gcc/arm-none-eabi/14.3.1/../../../../arm-none-eabi/lib/thumb/v7e-m+fp/hard\libc_nano.a(libc_a-lock.o)
 .debug_frame   0x000029d4       0x28 C:/ST/STM32CubeIDE_2.1.1/STM32CubeIDE/plugins/com.st.stm32cube.ide.mcu.externaltools.gnu-tools-for-stm32.14.3.rel1.win32_1.0.100.202602081740/tools/bin/../lib/gcc/arm-none-eabi/14.3.1/../../../../arm-none-eabi/lib/thumb/v7e-m+fp/hard\libc_nano.a(libc_a-memcpy-stub.o)

.debug_line_str
                0x00000000       0x72
 .debug_line_str
                0x00000000       0x72 ./Core/Startup/startup_stm32l476rgtx.o
